Archive member included to satisfy reference by file (symbol)

/opt/st/stm32cubeide_1.11.2/plugins/com.st.stm32cube.ide.mcu.externaltools.gnu-tools-for-stm32.10.3-2021.10.linux64_1.0.100.202210260954/tools/bin/../lib/gcc/arm-none-eabi/10.3.1/../../../../arm-none-eabi/lib/thumb/v7e-m+fp/hard/libc_nano.a(lib_a-errno.o)
                              ./Core/Src/syscalls.o (__errno)
/opt/st/stm32cubeide_1.11.2/plugins/com.st.stm32cube.ide.mcu.externaltools.gnu-tools-for-stm32.10.3-2021.10.linux64_1.0.100.202210260954/tools/bin/../lib/gcc/arm-none-eabi/10.3.1/../../../../arm-none-eabi/lib/thumb/v7e-m+fp/hard/libc_nano.a(lib_a-exit.o)
                              /opt/st/stm32cubeide_1.11.2/plugins/com.st.stm32cube.ide.mcu.externaltools.gnu-tools-for-stm32.10.3-2021.10.linux64_1.0.100.202210260954/tools/bin/../lib/gcc/arm-none-eabi/10.3.1/../../../../arm-none-eabi/lib/thumb/v7e-m+fp/hard/crt0.o (exit)
/opt/st/stm32cubeide_1.11.2/plugins/com.st.stm32cube.ide.mcu.externaltools.gnu-tools-for-stm32.10.3-2021.10.linux64_1.0.100.202210260954/tools/bin/../lib/gcc/arm-none-eabi/10.3.1/../../../../arm-none-eabi/lib/thumb/v7e-m+fp/hard/libc_nano.a(lib_a-impure.o)
                              /opt/st/stm32cubeide_1.11.2/plugins/com.st.stm32cube.ide.mcu.externaltools.gnu-tools-for-stm32.10.3-2021.10.linux64_1.0.100.202210260954/tools/bin/../lib/gcc/arm-none-eabi/10.3.1/../../../../arm-none-eabi/lib/thumb/v7e-m+fp/hard/libc_nano.a(lib_a-exit.o) (_global_impure_ptr)
/opt/st/stm32cubeide_1.11.2/plugins/com.st.stm32cube.ide.mcu.externaltools.gnu-tools-for-stm32.10.3-2021.10.linux64_1.0.100.202210260954/tools/bin/../lib/gcc/arm-none-eabi/10.3.1/../../../../arm-none-eabi/lib/thumb/v7e-m+fp/hard/libc_nano.a(lib_a-init.o)
                              /opt/st/stm32cubeide_1.11.2/plugins/com.st.stm32cube.ide.mcu.externaltools.gnu-tools-for-stm32.10.3-2021.10.linux64_1.0.100.202210260954/tools/bin/../lib/gcc/arm-none-eabi/10.3.1/../../../../arm-none-eabi/lib/thumb/v7e-m+fp/hard/crt0.o (__libc_init_array)
/opt/st/stm32cubeide_1.11.2/plugins/com.st.stm32cube.ide.mcu.externaltools.gnu-tools-for-stm32.10.3-2021.10.linux64_1.0.100.202210260954/tools/bin/../lib/gcc/arm-none-eabi/10.3.1/../../../../arm-none-eabi/lib/thumb/v7e-m+fp/hard/libc_nano.a(lib_a-memset.o)
                              /opt/st/stm32cubeide_1.11.2/plugins/com.st.stm32cube.ide.mcu.externaltools.gnu-tools-for-stm32.10.3-2021.10.linux64_1.0.100.202210260954/tools/bin/../lib/gcc/arm-none-eabi/10.3.1/../../../../arm-none-eabi/lib/thumb/v7e-m+fp/hard/crt0.o (memset)
/opt/st/stm32cubeide_1.11.2/plugins/com.st.stm32cube.ide.mcu.externaltools.gnu-tools-for-stm32.10.3-2021.10.linux64_1.0.100.202210260954/tools/bin/../lib/gcc/arm-none-eabi/10.3.1/thumb/v7e-m+fp/hard/libgcc.a(_aeabi_uldivmod.o)
                              ./Drivers/STM32F4xx_HAL_Driver/Src/stm32f4xx_hal_rcc.o (__aeabi_uldivmod)
/opt/st/stm32cubeide_1.11.2/plugins/com.st.stm32cube.ide.mcu.externaltools.gnu-tools-for-stm32.10.3-2021.10.linux64_1.0.100.202210260954/tools/bin/../lib/gcc/arm-none-eabi/10.3.1/thumb/v7e-m+fp/hard/libgcc.a(_udivmoddi4.o)
                              /opt/st/stm32cubeide_1.11.2/plugins/com.st.stm32cube.ide.mcu.externaltools.gnu-tools-for-stm32.10.3-2021.10.linux64_1.0.100.202210260954/tools/bin/../lib/gcc/arm-none-eabi/10.3.1/thumb/v7e-m+fp/hard/libgcc.a(_aeabi_uldivmod.o) (__udivmoddi4)
/opt/st/stm32cubeide_1.11.2/plugins/com.st.stm32cube.ide.mcu.externaltools.gnu-tools-for-stm32.10.3-2021.10.linux64_1.0.100.202210260954/tools/bin/../lib/gcc/arm-none-eabi/10.3.1/thumb/v7e-m+fp/hard/libgcc.a(_dvmd_tls.o)
                              /opt/st/stm32cubeide_1.11.2/plugins/com.st.stm32cube.ide.mcu.externaltools.gnu-tools-for-stm32.10.3-2021.10.linux64_1.0.100.202210260954/tools/bin/../lib/gcc/arm-none-eabi/10.3.1/thumb/v7e-m+fp/hard/libgcc.a(_aeabi_uldivmod.o) (__aeabi_ldiv0)

Discarded input sections

 .text          0x0000000000000000        0x0 /opt/st/stm32cubeide_1.11.2/plugins/com.st.stm32cube.ide.mcu.externaltools.gnu-tools-for-stm32.10.3-2021.10.linux64_1.0.100.202210260954/tools/bin/../lib/gcc/arm-none-eabi/10.3.1/thumb/v7e-m+fp/hard/crti.o
 .data          0x0000000000000000        0x0 /opt/st/stm32cubeide_1.11.2/plugins/com.st.stm32cube.ide.mcu.externaltools.gnu-tools-for-stm32.10.3-2021.10.linux64_1.0.100.202210260954/tools/bin/../lib/gcc/arm-none-eabi/10.3.1/thumb/v7e-m+fp/hard/crti.o
 .bss           0x0000000000000000        0x0 /opt/st/stm32cubeide_1.11.2/plugins/com.st.stm32cube.ide.mcu.externaltools.gnu-tools-for-stm32.10.3-2021.10.linux64_1.0.100.202210260954/tools/bin/../lib/gcc/arm-none-eabi/10.3.1/thumb/v7e-m+fp/hard/crti.o
 .data          0x0000000000000000        0x4 /opt/st/stm32cubeide_1.11.2/plugins/com.st.stm32cube.ide.mcu.externaltools.gnu-tools-for-stm32.10.3-2021.10.linux64_1.0.100.202210260954/tools/bin/../lib/gcc/arm-none-eabi/10.3.1/thumb/v7e-m+fp/hard/crtbegin.o
[...]
Memory Configuration

Name             Origin             Length             Attributes
CCMRAM           0x0000000010000000 0x0000000000010000 xrw
RAM              0x0000000020000000 0x0000000000020000 xrw
FLASH            0x0000000008000000 0x0000000000020000 xr
*default*        0x0000000000000000 0xffffffffffffffff

Linker script and memory map

LOAD /opt/st/stm32cubeide_1.11.2/plugins/com.st.stm32cube.ide.mcu.externaltools.gnu-tools-for-stm32.10.3-2021.10.linux64_1.0.100.202210260954/tools/bin/../lib/gcc/arm-none-eabi/10.3.1/thumb/v7e-m+fp/hard/crti.o
LOAD /opt/st/stm32cubeide_1.11.2/plugins/com.st.stm32cube.ide.mcu.externaltools.gnu-tools-for-stm32.10.3-2021.10.linux64_1.0.100.202210260954/tools/bin/../lib/gcc/arm-none-eabi/10.3.1/thumb/v7e-m+fp/hard/crtbegin.o
LOAD /opt/st/stm32cubeide_1.11.2/plugins/com.st.stm32cube.ide.mcu.externaltools.gnu-tools-for-stm32.10.3-2021.10.linux64_1.0.100.202210260954/tools/bin/../lib/gcc/arm-none-eabi/10.3.1/../../../../arm-none-eabi/lib/thumb/v7e-m+fp/hard/crt0.o
LOAD ./Core/Src/gpio.o
LOAD ./Core/Src/main.o
LOAD ./Core/Src/stm32f4xx_hal_msp.o
LOAD ./Core/Src/stm32f4xx_it.o
LOAD ./Core/Src/syscalls.o
LOAD ./Core/Src/sysmem.o
LOAD ./Core/Src/system_stm32f4xx.o
LOAD ./Core/Src/tim.o
LOAD ./Core/Startup/startup_stm32f407vgtx.o
LOAD ./Drivers/STM32F4xx_HAL_Driver/Src/stm32f4xx_hal.o
LOAD ./Drivers/STM32F4xx_HAL_Driver/Src/stm32f4xx_hal_cortex.o
LOAD ./Drivers/STM32F4xx_HAL_Driver/Src/stm32f4xx_hal_dma.o
LOAD ./Drivers/STM32F4xx_HAL_Driver/Src/stm32f4xx_hal_dma_ex.o
LOAD ./Drivers/STM32F4xx_HAL_Driver/Src/stm32f4xx_hal_exti.o
LOAD ./Drivers/STM32F4xx_HAL_Driver/Src/stm32f4xx_hal_flash.o
LOAD ./Drivers/STM32F4xx_HAL_Driver/Src/stm32f4xx_hal_flash_ex.o
LOAD ./Drivers/STM32F4xx_HAL_Driver/Src/stm32f4xx_hal_flash_ramfunc.o
LOAD ./Drivers/STM32F4xx_HAL_Driver/Src/stm32f4xx_hal_gpio.o
LOAD ./Drivers/STM32F4xx_HAL_Driver/Src/stm32f4xx_hal_pwr.o
LOAD ./Drivers/STM32F4xx_HAL_Driver/Src/stm32f4xx_hal_pwr_ex.o
LOAD ./Drivers/STM32F4xx_HAL_Driver/Src/stm32f4xx_hal_rcc.o
LOAD ./Drivers/STM32F4xx_HAL_Driver/Src/stm32f4xx_hal_rcc_ex.o
LOAD ./Drivers/STM32F4xx_HAL_Driver/Src/stm32f4xx_hal_tim.o
LOAD ./Drivers/STM32F4xx_HAL_Driver/Src/stm32f4xx_hal_tim_ex.o
LOAD ./bootloader/source/bootloader.o
START GROUP
LOAD /opt/st/stm32cubeide_1.11.2/plugins/com.st.stm32cube.ide.mcu.externaltools.gnu-tools-for-stm32.10.3-2021.10.linux64_1.0.100.202210260954/tools/bin/../lib/gcc/arm-none-eabi/10.3.1/../../../../arm-none-eabi/lib/thumb/v7e-m+fp/hard/libc_nano.a
LOAD /opt/st/stm32cubeide_1.11.2/plugins/com.st.stm32cube.ide.mcu.externaltools.gnu-tools-for-stm32.10.3-2021.10.linux64_1.0.100.202210260954/tools/bin/../lib/gcc/arm-none-eabi/10.3.1/../../../../arm-none-eabi/lib/thumb/v7e-m+fp/hard/libm.a
END GROUP
START GROUP
LOAD /opt/st/stm32cubeide_1.11.2/plugins/com.st.stm32cube.ide.mcu.externaltools.gnu-tools-for-stm32.10.3-2021.10.linux64_1.0.100.202210260954/tools/bin/../lib/gcc/arm-none-eabi/10.3.1/thumb/v7e-m+fp/hard/libgcc.a
LOAD /opt/st/stm32cubeide_1.11.2/plugins/com.st.stm32cube.ide.mcu.externaltools.gnu-tools-for-stm32.10.3-2021.10.linux64_1.0.100.202210260954/tools/bin/../lib/gcc/arm-none-eabi/10.3.1/../../../../arm-none-eabi/lib/thumb/v7e-m+fp/hard/libc_nano.a
END GROUP
START GROUP
LOAD /opt/st/stm32cubeide_1.11.2/plugins/com.st.stm32cube.ide.mcu.externaltools.gnu-tools-for-stm32.10.3-2021.10.linux64_1.0.100.202210260954/tools/bin/../lib/gcc/arm-none-eabi/10.3.1/thumb/v7e-m+fp/hard/libgcc.a
LOAD /opt/st/stm32cubeide_1.11.2/plugins/com.st.stm32cube.ide.mcu.externaltools.gnu-tools-for-stm32.10.3-2021.10.linux64_1.0.100.202210260954/tools/bin/../lib/gcc/arm-none-eabi/10.3.1/../../../../arm-none-eabi/lib/thumb/v7e-m+fp/hard/libc_nano.a
LOAD /opt/st/stm32cubeide_1.11.2/plugins/com.st.stm32cube.ide.mcu.externaltools.gnu-tools-for-stm32.10.3-2021.10.linux64_1.0.100.202210260954/tools/bin/../lib/gcc/arm-none-eabi/10.3.1/../../../../arm-none-eabi/lib/thumb/v7e-m+fp/hard/libnosys.a
END GROUP
START GROUP
LOAD /opt/st/stm32cubeide_1.11.2/plugins/com.st.stm32cube.ide.mcu.externaltools.gnu-tools-for-stm32.10.3-2021.10.linux64_1.0.100.202210260954/tools/bin/../lib/gcc/arm-none-eabi/10.3.1/thumb/v7e-m+fp/hard/libgcc.a
LOAD /opt/st/stm32cubeide_1.11.2/plugins/com.st.stm32cube.ide.mcu.externaltools.gnu-tools-for-stm32.10.3-2021.10.linux64_1.0.100.202210260954/tools/bin/../lib/gcc/arm-none-eabi/10.3.1/../../../../arm-none-eabi/lib/thumb/v7e-m+fp/hard/libc_nano.a
LOAD /opt/st/stm32cubeide_1.11.2/plugins/com.st.stm32cube.ide.mcu.externaltools.gnu-tools-for-stm32.10.3-2021.10.linux64_1.0.100.202210260954/tools/bin/../lib/gcc/arm-none-eabi/10.3.1/../../../../arm-none-eabi/lib/thumb/v7e-m+fp/hard/libnosys.a
END GROUP
LOAD /opt/st/stm32cubeide_1.11.2/plugins/com.st.stm32cube.ide.mcu.externaltools.gnu-tools-for-stm32.10.3-2021.10.linux64_1.0.100.202210260954/tools/bin/../lib/gcc/arm-none-eabi/10.3.1/thumb/v7e-m+fp/hard/crtend.o
LOAD /opt/st/stm32cubeide_1.11.2/plugins/com.st.stm32cube.ide.mcu.externaltools.gnu-tools-for-stm32.10.3-2021.10.linux64_1.0.100.202210260954/tools/bin/../lib/gcc/arm-none-eabi/10.3.1/thumb/v7e-m+fp/hard/crtn.o
                0x0000000020020000                _estack = (ORIGIN (RAM) + LENGTH (RAM))
                0x0000000000000200                _Min_Heap_Size = 0x200
                0x0000000000000400                _Min_Stack_Size = 0x400

.isr_vector     0x0000000008000000      0x188
                0x0000000008000000                . = ALIGN (0x4)
 *(.isr_vector)
 .isr_vector    0x0000000008000000      0x188 ./Core/Startup/startup_stm32f407vgtx.o
                0x0000000008000000                g_pfnVectors
                0x0000000008000188                . = ALIGN (0x4)

.text           0x0000000008000188     0x1f90
                0x0000000008000188                . = ALIGN (0x4)
 *(.text)
 .text          0x0000000008000188       0x40 /opt/st/stm32cubeide_1.11.2/plugins/com.st.stm32cube.ide.mcu.externaltools.gnu-tools-for-stm32.10.3-2021.10.linux64_1.0.100.202210260954/tools/bin/../lib/gcc/arm-none-eabi/10.3.1/thumb/v7e-m+fp/hard/crtbegin.o
 .text          0x00000000080001c8       0x30 /opt/st/stm32cubeide_1.11.2/plugins/com.st.stm32cube.ide.mcu.externaltools.gnu-tools-for-stm32.10.3-2021.10.linux64_1.0.100.202210260954/tools/bin/../lib/gcc/arm-none-eabi/10.3.1/thumb/v7e-m+fp/hard/libgcc.a(_aeabi_uldivmod.o)
                0x00000000080001c8                __aeabi_uldivmod
 .text          0x00000000080001f8      0x2d0 /opt/st/stm32cubeide_1.11.2/plugins/com.st.stm32cube.ide.mcu.externaltools.gnu-tools-for-stm32.10.3-2021.10.linux64_1.0.100.202210260954/tools/bin/../lib/gcc/arm-none-eabi/10.3.1/thumb/v7e-m+fp/hard/libgcc.a(_udivmoddi4.o)
                0x00000000080001f8                __udivmoddi4
 .text          0x00000000080004c8        0x4 /opt/st/stm32cubeide_1.11.2/plugins/com.st.stm32cube.ide.mcu.externaltools.gnu-tools-for-stm32.10.3-2021.10.linux64_1.0.100.202210260954/tools/bin/../lib/gcc/arm-none-eabi/10.3.1/thumb/v7e-m+fp/hard/libgcc.a(_dvmd_tls.o)
                0x00000000080004c8                __aeabi_ldiv0
                0x00000000080004c8                __aeabi_idiv0
 *(.text*)
 .text.MX_GPIO_Init
                0x00000000080004cc      0x2bc ./Core/Src/gpio.o
                0x00000000080004cc                MX_GPIO_Init
 .text.GetTickCounter
                0x0000000008000788       0x18 ./Core/Src/main.o
                0x0000000008000788                GetTickCounter
 .text.HAL_TIM_PeriodElapsedCallback
                0x00000000080007a0       0x30 ./Core/Src/main.o
                0x00000000080007a0                HAL_TIM_PeriodElapsedCallback
 .text.main     0x00000000080007d0       0x1a ./Core/Src/main.o
                0x00000000080007d0                main
 *fill*         0x00000000080007ea        0x2 
 .text.SystemClock_Config
                0x00000000080007ec       0xd0 ./Core/Src/main.o
                0x00000000080007ec                SystemClock_Config
 .text.Error_Handler
                0x00000000080008bc        0xa ./Core/Src/main.o
                0x00000000080008bc                Error_Handler
 *fill*         0x00000000080008c6        0x2 
 .text.HAL_MspInit
                0x00000000080008c8       0x50 ./Core/Src/stm32f4xx_hal_msp.o
                0x00000000080008c8                HAL_MspInit
 .text.NMI_Handler
                0x0000000008000918        0x6 ./Core/Src/stm32f4xx_it.o
                0x0000000008000918                NMI_Handler
 .text.HardFault_Handler
                0x000000000800091e        0x6 ./Core/Src/stm32f4xx_it.o
                0x000000000800091e                HardFault_Handler
 .text.MemManage_Handler
                0x0000000008000924        0x6 ./Core/Src/stm32f4xx_it.o
                0x0000000008000924                MemManage_Handler
 .text.BusFault_Handler
                0x000000000800092a        0x6 ./Core/Src/stm32f4xx_it.o
                0x000000000800092a                BusFault_Handler
 .text.UsageFault_Handler
                0x0000000008000930        0x6 ./Core/Src/stm32f4xx_it.o
                0x0000000008000930                UsageFault_Handler
 .text.SVC_Handler
                0x0000000008000936        0xe ./Core/Src/stm32f4xx_it.o
                0x0000000008000936                SVC_Handler
 .text.DebugMon_Handler
                0x0000000008000944        0xe ./Core/Src/stm32f4xx_it.o
                0x0000000008000944                DebugMon_Handler
 .text.PendSV_Handler
                0x0000000008000952        0xe ./Core/Src/stm32f4xx_it.o
                0x0000000008000952                PendSV_Handler
 .text.SysTick_Handler
                0x0000000008000960        0xc ./Core/Src/stm32f4xx_it.o
                0x0000000008000960                SysTick_Handler
 .text.TIM7_IRQHandler
                0x000000000800096c       0x14 ./Core/Src/stm32f4xx_it.o
                0x000000000800096c                TIM7_IRQHandler
 .text.SystemInit
                0x0000000008000980       0x24 ./Core/Src/system_stm32f4xx.o
                0x0000000008000980                SystemInit
 .text.MX_TIM7_Init
                0x00000000080009a4       0x70 ./Core/Src/tim.o
                0x00000000080009a4                MX_TIM7_Init
 .text.HAL_TIM_Base_MspInit
                0x0000000008000a14       0x50 ./Core/Src/tim.o
                0x0000000008000a14                HAL_TIM_Base_MspInit
 .text.Reset_Handler
                0x0000000008000a64       0x50 ./Core/Startup/startup_stm32f407vgtx.o
                0x0000000008000a64                Reset_Handler
 .text.Default_Handler
                0x0000000008000ab4        0x2 ./Core/Startup/startup_stm32f407vgtx.o
                0x0000000008000ab4                RTC_Alarm_IRQHandler
                0x0000000008000ab4                HASH_RNG_IRQHandler
                0x0000000008000ab4                EXTI2_IRQHandler
                0x0000000008000ab4                TIM8_CC_IRQHandler
                0x0000000008000ab4                TIM1_CC_IRQHandler
                0x0000000008000ab4                DMA2_Stream5_IRQHandler
                0x0000000008000ab4                DMA1_Stream5_IRQHandler
                0x0000000008000ab4                PVD_IRQHandler
                0x0000000008000ab4                SDIO_IRQHandler
                0x0000000008000ab4                TAMP_STAMP_IRQHandler
                0x0000000008000ab4                CAN2_RX1_IRQHandler
                0x0000000008000ab4                EXTI3_IRQHandler
                0x0000000008000ab4                TIM8_TRG_COM_TIM14_IRQHandler
                0x0000000008000ab4                TIM1_UP_TIM10_IRQHandler
                0x0000000008000ab4                TIM8_UP_TIM13_IRQHandler
                0x0000000008000ab4                I2C3_ER_IRQHandler
                0x0000000008000ab4                EXTI0_IRQHandler
                0x0000000008000ab4                I2C2_EV_IRQHandler
                0x0000000008000ab4                DMA1_Stream2_IRQHandler
                0x0000000008000ab4                CAN1_RX0_IRQHandler
                0x0000000008000ab4                FPU_IRQHandler
                0x0000000008000ab4                OTG_HS_WKUP_IRQHandler
                0x0000000008000ab4                CAN2_SCE_IRQHandler
                0x0000000008000ab4                DMA2_Stream2_IRQHandler
                0x0000000008000ab4                SPI1_IRQHandler
                0x0000000008000ab4                TIM6_DAC_IRQHandler
                0x0000000008000ab4                TIM1_BRK_TIM9_IRQHandler
                0x0000000008000ab4                DCMI_IRQHandler
                0x0000000008000ab4                CAN2_RX0_IRQHandler
                0x0000000008000ab4                DMA2_Stream3_IRQHandler
                0x0000000008000ab4                USART6_IRQHandler
                0x0000000008000ab4                USART3_IRQHandler
                0x0000000008000ab4                CAN1_RX1_IRQHandler
                0x0000000008000ab4                UART5_IRQHandler
                0x0000000008000ab4                DMA2_Stream0_IRQHandler
                0x0000000008000ab4                TIM4_IRQHandler
                0x0000000008000ab4                I2C1_EV_IRQHandler
                0x0000000008000ab4                DMA1_Stream6_IRQHandler
                0x0000000008000ab4                DMA1_Stream1_IRQHandler
                0x0000000008000ab4                UART4_IRQHandler
                0x0000000008000ab4                TIM3_IRQHandler
                0x0000000008000ab4                RCC_IRQHandler
                0x0000000008000ab4                TIM8_BRK_TIM12_IRQHandler
                0x0000000008000ab4                Default_Handler
                0x0000000008000ab4                EXTI15_10_IRQHandler
                0x0000000008000ab4                ADC_IRQHandler
                0x0000000008000ab4                DMA1_Stream7_IRQHandler
                0x0000000008000ab4                CAN2_TX_IRQHandler
                0x0000000008000ab4                TIM5_IRQHandler
                0x0000000008000ab4                DMA2_Stream7_IRQHandler
                0x0000000008000ab4                I2C3_EV_IRQHandler
                0x0000000008000ab4                EXTI9_5_IRQHandler
                0x0000000008000ab4                RTC_WKUP_IRQHandler
                0x0000000008000ab4                ETH_WKUP_IRQHandler
                0x0000000008000ab4                SPI2_IRQHandler
                0x0000000008000ab4                OTG_HS_EP1_IN_IRQHandler
                0x0000000008000ab4                DMA1_Stream0_IRQHandler
                0x0000000008000ab4                CAN1_TX_IRQHandler
                0x0000000008000ab4                EXTI4_IRQHandler
                0x0000000008000ab4                FSMC_IRQHandler
                0x0000000008000ab4                ETH_IRQHandler
                0x0000000008000ab4                OTG_HS_EP1_OUT_IRQHandler
                0x0000000008000ab4                WWDG_IRQHandler
                0x0000000008000ab4                TIM2_IRQHandler
                0x0000000008000ab4                OTG_FS_WKUP_IRQHandler
                0x0000000008000ab4                TIM1_TRG_COM_TIM11_IRQHandler
                0x0000000008000ab4                OTG_HS_IRQHandler
                0x0000000008000ab4                EXTI1_IRQHandler
                0x0000000008000ab4                USART2_IRQHandler
                0x0000000008000ab4                I2C2_ER_IRQHandler
                0x0000000008000ab4                DMA2_Stream1_IRQHandler
                0x0000000008000ab4                CAN1_SCE_IRQHandler
                0x0000000008000ab4                FLASH_IRQHandler
                0x0000000008000ab4                DMA2_Stream4_IRQHandler
                0x0000000008000ab4                USART1_IRQHandler
                0x0000000008000ab4                OTG_FS_IRQHandler
                0x0000000008000ab4                SPI3_IRQHandler
                0x0000000008000ab4                DMA1_Stream4_IRQHandler
                0x0000000008000ab4                I2C1_ER_IRQHandler
                0x0000000008000ab4                DMA2_Stream6_IRQHandler
                0x0000000008000ab4                DMA1_Stream3_IRQHandler
 *fill*         0x0000000008000ab6        0x2 
 .text.HAL_Init
                0x0000000008000ab8       0x44 ./Drivers/STM32F4xx_HAL_Driver/Src/stm32f4xx_hal.o
                0x0000000008000ab8                HAL_Init
 .text.HAL_InitTick
                0x0000000008000afc       0x60 ./Drivers/STM32F4xx_HAL_Driver/Src/stm32f4xx_hal.o
                0x0000000008000afc                HAL_InitTick
 .text.HAL_IncTick
                0x0000000008000b5c       0x28 ./Drivers/STM32F4xx_HAL_Driver/Src/stm32f4xx_hal.o
                0x0000000008000b5c                HAL_IncTick
 .text.HAL_GetTick
                0x0000000008000b84       0x18 ./Drivers/STM32F4xx_HAL_Driver/Src/stm32f4xx_hal.o
                0x0000000008000b84                HAL_GetTick
 .text.__NVIC_SetPriorityGrouping
                0x0000000008000b9c       0x48 ./Drivers/STM32F4xx_HAL_Driver/Src/stm32f4xx_hal_cortex.o
 .text.__NVIC_GetPriorityGrouping
                0x0000000008000be4       0x1c ./Drivers/STM32F4xx_HAL_Driver/Src/stm32f4xx_hal_cortex.o
 .text.__NVIC_EnableIRQ
                0x0000000008000c00       0x3c ./Drivers/STM32F4xx_HAL_Driver/Src/stm32f4xx_hal_cortex.o
 .text.__NVIC_SetPriority
                0x0000000008000c3c       0x54 ./Drivers/STM32F4xx_HAL_Driver/Src/stm32f4xx_hal_cortex.o
 .text.NVIC_EncodePriority
                0x0000000008000c90       0x66 ./Drivers/STM32F4xx_HAL_Driver/Src/stm32f4xx_hal_cortex.o
 *fill*         0x0000000008000cf6        0x2 
 .text.SysTick_Config
                0x0000000008000cf8       0x44 ./Drivers/STM32F4xx_HAL_Driver/Src/stm32f4xx_hal_cortex.o
 .text.HAL_NVIC_SetPriorityGrouping
                0x0000000008000d3c       0x16 ./Drivers/STM32F4xx_HAL_Driver/Src/stm32f4xx_hal_cortex.o
                0x0000000008000d3c                HAL_NVIC_SetPriorityGrouping
 .text.HAL_NVIC_SetPriority
                0x0000000008000d52       0x38 ./Drivers/STM32F4xx_HAL_Driver/Src/stm32f4xx_hal_cortex.o
                0x0000000008000d52                HAL_NVIC_SetPriority
 .text.HAL_NVIC_EnableIRQ
                0x0000000008000d8a       0x1c ./Drivers/STM32F4xx_HAL_Driver/Src/stm32f4xx_hal_cortex.o
                0x0000000008000d8a                HAL_NVIC_EnableIRQ
 .text.HAL_SYSTICK_Config
                0x0000000008000da6       0x18 ./Drivers/STM32F4xx_HAL_Driver/Src/stm32f4xx_hal_cortex.o
                0x0000000008000da6                HAL_SYSTICK_Config
 *fill*         0x0000000008000dbe        0x2 
 .text.HAL_GPIO_Init
                0x0000000008000dc0      0x338 ./Drivers/STM32F4xx_HAL_Driver/Src/stm32f4xx_hal_gpio.o
                0x0000000008000dc0                HAL_GPIO_Init
 .text.HAL_GPIO_WritePin
                0x00000000080010f8       0x32 ./Drivers/STM32F4xx_HAL_Driver/Src/stm32f4xx_hal_gpio.o
                0x00000000080010f8                HAL_GPIO_WritePin
 .text.HAL_GPIO_TogglePin
                0x000000000800112a       0x34 ./Drivers/STM32F4xx_HAL_Driver/Src/stm32f4xx_hal_gpio.o
                0x000000000800112a                HAL_GPIO_TogglePin
 *fill*         0x000000000800115e        0x2 
 .text.HAL_RCC_OscConfig
                0x0000000008001160      0x4f0 ./Drivers/STM32F4xx_HAL_Driver/Src/stm32f4xx_hal_rcc.o
                0x0000000008001160                HAL_RCC_OscConfig
 .text.HAL_RCC_ClockConfig
                0x0000000008001650      0x1cc ./Drivers/STM32F4xx_HAL_Driver/Src/stm32f4xx_hal_rcc.o
                0x0000000008001650                HAL_RCC_ClockConfig
 .text.HAL_RCC_GetSysClockFreq
                0x000000000800181c      0x208 ./Drivers/STM32F4xx_HAL_Driver/Src/stm32f4xx_hal_rcc.o
                0x000000000800181c                HAL_RCC_GetSysClockFreq
 .text.HAL_TIM_Base_Init
                0x0000000008001a24       0x9e ./Drivers/STM32F4xx_HAL_Driver/Src/stm32f4xx_hal_tim.o
                0x0000000008001a24                HAL_TIM_Base_Init
 *fill*         0x0000000008001ac2        0x2 
 .text.HAL_TIM_Base_Start_IT
                0x0000000008001ac4       0xe0 ./Drivers/STM32F4xx_HAL_Driver/Src/stm32f4xx_hal_tim.o
                0x0000000008001ac4                HAL_TIM_Base_Start_IT
 .text.HAL_TIM_IRQHandler
                0x0000000008001ba4      0x210 ./Drivers/STM32F4xx_HAL_Driver/Src/stm32f4xx_hal_tim.o
                0x0000000008001ba4                HAL_TIM_IRQHandler
 .text.HAL_TIM_OC_DelayElapsedCallback
                0x0000000008001db4       0x14 ./Drivers/STM32F4xx_HAL_Driver/Src/stm32f4xx_hal_tim.o
                0x0000000008001db4                HAL_TIM_OC_DelayElapsedCallback
 .text.HAL_TIM_IC_CaptureCallback
                0x0000000008001dc8       0x14 ./Drivers/STM32F4xx_HAL_Driver/Src/stm32f4xx_hal_tim.o
                0x0000000008001dc8                HAL_TIM_IC_CaptureCallback
 .text.HAL_TIM_PWM_PulseFinishedCallback
                0x0000000008001ddc       0x14 ./Drivers/STM32F4xx_HAL_Driver/Src/stm32f4xx_hal_tim.o
                0x0000000008001ddc                HAL_TIM_PWM_PulseFinishedCallback
 .text.HAL_TIM_TriggerCallback
                0x0000000008001df0       0x14 ./Drivers/STM32F4xx_HAL_Driver/Src/stm32f4xx_hal_tim.o
                0x0000000008001df0                HAL_TIM_TriggerCallback
 .text.TIM_Base_SetConfig
                0x0000000008001e04      0x140 ./Drivers/STM32F4xx_HAL_Driver/Src/stm32f4xx_hal_tim.o
                0x0000000008001e04                TIM_Base_SetConfig
 .text.HAL_TIMEx_MasterConfigSynchronization
                0x0000000008001f44       0xf8 ./Drivers/STM32F4xx_HAL_Driver/Src/stm32f4xx_hal_tim_ex.o
                0x0000000008001f44                HAL_TIMEx_MasterConfigSynchronization
 .text.HAL_TIMEx_CommutCallback
                0x000000000800203c       0x14 ./Drivers/STM32F4xx_HAL_Driver/Src/stm32f4xx_hal_tim_ex.o
                0x000000000800203c                HAL_TIMEx_CommutCallback
 .text.HAL_TIMEx_BreakCallback
                0x0000000008002050       0x14 ./Drivers/STM32F4xx_HAL_Driver/Src/stm32f4xx_hal_tim_ex.o
                0x0000000008002050                HAL_TIMEx_BreakCallback
 .text.TaskControlRedLed
                0x0000000008002064       0x38 ./bootloader/source/bootloader.o
                0x0000000008002064                TaskControlRedLed
 .text.bootloader_main
                0x000000000800209c        0xa ./bootloader/source/bootloader.o
                0x000000000800209c                bootloader_main
 *fill*         0x00000000080020a6        0x2 
 .text.__libc_init_array
                0x00000000080020a8       0x48 /opt/st/stm32cubeide_1.11.2/plugins/com.st.stm32cube.ide.mcu.externaltools.gnu-tools-for-stm32.10.3-2021.10.linux64_1.0.100.202210260954/tools/bin/../lib/gcc/arm-none-eabi/10.3.1/../../../../arm-none-eabi/lib/thumb/v7e-m+fp/hard/libc_nano.a(lib_a-init.o)
                0x00000000080020a8                __libc_init_array
 .text.memset   0x00000000080020f0       0x10 /opt/st/stm32cubeide_1.11.2/plugins/com.st.stm32cube.ide.mcu.externaltools.gnu-tools-for-stm32.10.3-2021.10.linux64_1.0.100.202210260954/tools/bin/../lib/gcc/arm-none-eabi/10.3.1/../../../../arm-none-eabi/lib/thumb/v7e-m+fp/hard/libc_nano.a(lib_a-memset.o)
                0x00000000080020f0                memset
 *(.glue_7)
 .glue_7        0x0000000008002100        0x0 linker stubs
 *(.glue_7t)
 .glue_7t       0x0000000008002100        0x0 linker stubs
 *(.eh_frame)
 .eh_frame      0x0000000008002100        0x0 /opt/st/stm32cubeide_1.11.2/plugins/com.st.stm32cube.ide.mcu.externaltools.gnu-tools-for-stm32.10.3-2021.10.linux64_1.0.100.202210260954/tools/bin/../lib/gcc/arm-none-eabi/10.3.1/thumb/v7e-m+fp/hard/crtbegin.o
 *(.init)
 .init          0x0000000008002100        0x4 /opt/st/stm32cubeide_1.11.2/plugins/com.st.stm32cube.ide.mcu.externaltools.gnu-tools-for-stm32.10.3-2021.10.linux64_1.0.100.202210260954/tools/bin/../lib/gcc/arm-none-eabi/10.3.1/thumb/v7e-m+fp/hard/crti.o
                0x0000000008002100                _init
 .init          0x0000000008002104        0x8 /opt/st/stm32cubeide_1.11.2/plugins/com.st.stm32cube.ide.mcu.externaltools.gnu-tools-for-stm32.10.3-2021.10.linux64_1.0.100.202210260954/tools/bin/../lib/gcc/arm-none-eabi/10.3.1/thumb/v7e-m+fp/hard/crtn.o
 *(.fini)
 .fini          0x000000000800210c        0x4 /opt/st/stm32cubeide_1.11.2/plugins/com.st.stm32cube.ide.mcu.externaltools.gnu-tools-for-stm32.10.3-2021.10.linux64_1.0.100.202210260954/tools/bin/../lib/gcc/arm-none-eabi/10.3.1/thumb/v7e-m+fp/hard/crti.o
                0x000000000800210c                _fini
 .fini          0x0000000008002110        0x8 /opt/st/stm32cubeide_1.11.2/plugins/com.st.stm32cube.ide.mcu.externaltools.gnu-tools-for-stm32.10.3-2021.10.linux64_1.0.100.202210260954/tools/bin/../lib/gcc/arm-none-eabi/10.3.1/thumb/v7e-m+fp/hard/crtn.o
                0x0000000008002118                . = ALIGN (0x4)
                0x0000000008002118                _etext = .

.vfp11_veneer   0x0000000008002118        0x0
 .vfp11_veneer  0x0000000008002118        0x0 linker stubs

.v4_bx          0x0000000008002118        0x0
 .v4_bx         0x0000000008002118        0x0 linker stubs

.iplt           0x0000000008002118        0x0
 .iplt          0x0000000008002118        0x0 /opt/st/stm32cubeide_1.11.2/plugins/com.st.stm32cube.ide.mcu.externaltools.gnu-tools-for-stm32.10.3-2021.10.linux64_1.0.100.202210260954/tools/bin/../lib/gcc/arm-none-eabi/10.3.1/thumb/v7e-m+fp/hard/crtbegin.o

.rodata         0x0000000008002118       0x10
                0x0000000008002118                . = ALIGN (0x4)
 *(.rodata)
 *(.rodata*)
 .rodata.AHBPrescTable
                0x0000000008002118       0x10 ./Core/Src/system_stm32f4xx.o
                0x0000000008002118                AHBPrescTable
                0x0000000008002128                . = ALIGN (0x4)

.ARM.extab      0x0000000008002128        0x0
                0x0000000008002128                . = ALIGN (0x4)
 *(.ARM.extab* .gnu.linkonce.armextab.*)
                0x0000000008002128                . = ALIGN (0x4)

.ARM            0x0000000008002128        0x8
                0x0000000008002128                . = ALIGN (0x4)
                0x0000000008002128                __exidx_start = .
 *(.ARM.exidx*)
 .ARM.exidx     0x0000000008002128        0x8 /opt/st/stm32cubeide_1.11.2/plugins/com.st.stm32cube.ide.mcu.externaltools.gnu-tools-for-stm32.10.3-2021.10.linux64_1.0.100.202210260954/tools/bin/../lib/gcc/arm-none-eabi/10.3.1/thumb/v7e-m+fp/hard/libgcc.a(_udivmoddi4.o)
                0x0000000008002130                __exidx_end = .
                0x0000000008002130                . = ALIGN (0x4)

.rel.dyn        0x0000000008002130        0x0
 .rel.iplt      0x0000000008002130        0x0 /opt/st/stm32cubeide_1.11.2/plugins/com.st.stm32cube.ide.mcu.externaltools.gnu-tools-for-stm32.10.3-2021.10.linux64_1.0.100.202210260954/tools/bin/../lib/gcc/arm-none-eabi/10.3.1/thumb/v7e-m+fp/hard/crtbegin.o

.preinit_array  0x0000000008002130        0x0
                0x0000000008002130                . = ALIGN (0x4)
                0x0000000008002130                PROVIDE (__preinit_array_start = .)
 *(.preinit_array*)
                0x0000000008002130                PROVIDE (__preinit_array_end = .)
                0x0000000008002130                . = ALIGN (0x4)

.init_array     0x0000000008002130        0x4
                0x0000000008002130                . = ALIGN (0x4)
                0x0000000008002130                PROVIDE (__init_array_start = .)
 *(SORT_BY_NAME(.init_array.*))
 *(.init_array*)
 .init_array    0x0000000008002130        0x4 /opt/st/stm32cubeide_1.11.2/plugins/com.st.stm32cube.ide.mcu.externaltools.gnu-tools-for-stm32.10.3-2021.10.linux64_1.0.100.202210260954/tools/bin/../lib/gcc/arm-none-eabi/10.3.1/thumb/v7e-m+fp/hard/crtbegin.o
                0x0000000008002134                PROVIDE (__init_array_end = .)
                0x0000000008002134                . = ALIGN (0x4)

.fini_array     0x0000000008002134        0x4
                0x0000000008002134                . = ALIGN (0x4)
                [!provide]                        PROVIDE (__fini_array_start = .)
 *(SORT_BY_NAME(.fini_array.*))
 *(.fini_array*)
 .fini_array    0x0000000008002134        0x4 /opt/st/stm32cubeide_1.11.2/plugins/com.st.stm32cube.ide.mcu.externaltools.gnu-tools-for-stm32.10.3-2021.10.linux64_1.0.100.202210260954/tools/bin/../lib/gcc/arm-none-eabi/10.3.1/thumb/v7e-m+fp/hard/crtbegin.o
                [!provide]                        PROVIDE (__fini_array_end = .)
                0x0000000008002138                . = ALIGN (0x4)
                0x0000000008002138                _sidata = LOADADDR (.data)

.data           0x0000000020000000        0xc load address 0x0000000008002138
                0x0000000020000000                . = ALIGN (0x4)
                0x0000000020000000                _sdata = .
 *(.data)
 *(.data*)
 .data.SystemCoreClock
                0x0000000020000000        0x4 ./Core/Src/system_stm32f4xx.o
                0x0000000020000000                SystemCoreClock
 .data.uwTickPrio
                0x0000000020000004        0x4 ./Drivers/STM32F4xx_HAL_Driver/Src/stm32f4xx_hal.o
                0x0000000020000004                uwTickPrio
 .data.uwTickFreq
                0x0000000020000008        0x1 ./Drivers/STM32F4xx_HAL_Driver/Src/stm32f4xx_hal.o
                0x0000000020000008                uwTickFreq
 *(.RamFunc)
 *(.RamFunc*)
                0x000000002000000c                . = ALIGN (0x4)
 *fill*         0x0000000020000009        0x3 
                0x000000002000000c                _edata = .
                0x0000000008002144                _siccmram = LOADADDR (.ccmram)

.igot.plt       0x000000002000000c        0x0 load address 0x0000000008002144
 .igot.plt      0x000000002000000c        0x0 /opt/st/stm32cubeide_1.11.2/plugins/com.st.stm32cube.ide.mcu.externaltools.gnu-tools-for-stm32.10.3-2021.10.linux64_1.0.100.202210260954/tools/bin/../lib/gcc/arm-none-eabi/10.3.1/thumb/v7e-m+fp/hard/crtbegin.o

.ccmram         0x0000000010000000        0x0 load address 0x0000000008002144
                0x0000000010000000                . = ALIGN (0x4)
                0x0000000010000000                _sccmram = .
 *(.ccmram)
 *(.ccmram*)
                0x0000000010000000                . = ALIGN (0x4)
                0x0000000010000000                _eccmram = .
                0x0000000010000000                . = ALIGN (0x4)

.bss            0x000000002000000c       0x70
                0x000000002000000c                _sbss = .
                0x000000002000000c                __bss_start__ = _sbss
 *(.bss)
 .bss           0x000000002000000c       0x1c /opt/st/stm32cubeide_1.11.2/plugins/com.st.stm32cube.ide.mcu.externaltools.gnu-tools-for-stm32.10.3-2021.10.linux64_1.0.100.202210260954/tools/bin/../lib/gcc/arm-none-eabi/10.3.1/thumb/v7e-m+fp/hard/crtbegin.o
 *(.bss*)
 .bss.u32TickCounter
                0x0000000020000028        0x4 ./Core/Src/main.o
                0x0000000020000028                u32TickCounter
 .bss.htim7     0x000000002000002c       0x48 ./Core/Src/tim.o
                0x000000002000002c                htim7
 .bss.uwTick    0x0000000020000074        0x4 ./Drivers/STM32F4xx_HAL_Driver/Src/stm32f4xx_hal.o
                0x0000000020000074                uwTick
 .bss.TimerRedLed
                0x0000000020000078        0x4 ./bootloader/source/bootloader.o
                0x0000000020000078                TimerRedLed
 *(COMMON)
                0x000000002000007c                . = ALIGN (0x4)
                0x000000002000007c                _ebss = .
                0x000000002000007c                __bss_end__ = _ebss

._user_heap_stack
                0x000000002000007c      0x604
                0x0000000020000080                . = ALIGN (0x8)
 *fill*         0x000000002000007c        0x4 
                [!provide]                        PROVIDE (end = .)
                0x0000000020000080                PROVIDE (_end = .)
                0x0000000020000280                . = (. + _Min_Heap_Size)
 *fill*         0x0000000020000080      0x200 
                0x0000000020000680                . = (. + _Min_Stack_Size)
 *fill*         0x0000000020000280      0x400 
                0x0000000020000680                . = ALIGN (0x8)

/DISCARD/
 libc.a(*)
 libm.a(*)
 libgcc.a(*)

.ARM.attributes
                0x0000000000000000       0x30
 *(.ARM.attributes)
 .ARM.attributes
                0x0000000000000000       0x1e /opt/st/stm32cubeide_1.11.2/plugins/com.st.stm32cube.ide.mcu.externaltools.gnu-tools-for-stm32.10.3-2021.10.linux64_1.0.100.202210260954/tools/bin/../lib/gcc/arm-none-eabi/10.3.1/thumb/v7e-m+fp/hard/crti.o
 .ARM.attributes
                0x000000000000001e       0x34 /opt/st/stm32cubeide_1.11.2/plugins/com.st.stm32cube.ide.mcu.externaltools.gnu-tools-for-stm32.10.3-2021.10.linux64_1.0.100.202210260954/tools/bin/../lib/gcc/arm-none-eabi/10.3.1/thumb/v7e-m+fp/hard/crtbegin.o
 .ARM.attributes
                0x0000000000000052       0x34 ./Core/Src/gpio.o
 .ARM.attributes
                0x0000000000000086       0x34 ./Core/Src/main.o
 .ARM.attributes
                0x00000000000000ba       0x34 ./Core/Src/stm32f4xx_hal_msp.o
 .ARM.attributes
                0x00000000000000ee       0x34 ./Core/Src/stm32f4xx_it.o
 .ARM.attributes
                0x0000000000000122       0x34 ./Core/Src/system_stm32f4xx.o
 .ARM.attributes
                0x0000000000000156       0x34 ./Core/Src/tim.o
 .ARM.attributes
                0x000000000000018a       0x21 ./Core/Startup/startup_stm32f407vgtx.o
 .ARM.attributes
                0x00000000000001ab       0x34 ./Drivers/STM32F4xx_HAL_Driver/Src/stm32f4xx_hal.o
 .ARM.attributes
                0x00000000000001df       0x34 ./Drivers/STM32F4xx_HAL_Driver/Src/stm32f4xx_hal_cortex.o
 .ARM.attributes
                0x0000000000000213       0x34 ./Drivers/STM32F4xx_HAL_Driver/Src/stm32f4xx_hal_gpio.o
 .ARM.attributes
                0x0000000000000247       0x34 ./Drivers/STM32F4xx_HAL_Driver/Src/stm32f4xx_hal_rcc.o
 .ARM.attributes
                0x000000000000027b       0x34 ./Drivers/STM32F4xx_HAL_Driver/Src/stm32f4xx_hal_tim.o
 .ARM.attributes
                0x00000000000002af       0x34 ./Drivers/STM32F4xx_HAL_Driver/Src/stm32f4xx_hal_tim_ex.o
 .ARM.attributes
                0x00000000000002e3       0x34 ./bootloader/source/bootloader.o
 .ARM.attributes
                0x0000000000000317       0x34 /opt/st/stm32cubeide_1.11.2/plugins/com.st.stm32cube.ide.mcu.externaltools.gnu-tools-for-stm32.10.3-2021.10.linux64_1.0.100.202210260954/tools/bin/../lib/gcc/arm-none-eabi/10.3.1/../../../../arm-none-eabi/lib/thumb/v7e-m+fp/hard/libc_nano.a(lib_a-init.o)
 .ARM.attributes
                0x000000000000034b       0x34 /opt/st/stm32cubeide_1.11.2/plugins/com.st.stm32cube.ide.mcu.externaltools.gnu-tools-for-stm32.10.3-2021.10.linux64_1.0.100.202210260954/tools/bin/../lib/gcc/arm-none-eabi/10.3.1/../../../../arm-none-eabi/lib/thumb/v7e-m+fp/hard/libc_nano.a(lib_a-memset.o)
 .ARM.attributes
                0x000000000000037f       0x1e /opt/st/stm32cubeide_1.11.2/plugins/com.st.stm32cube.ide.mcu.externaltools.gnu-tools-for-stm32.10.3-2021.10.linux64_1.0.100.202210260954/tools/bin/../lib/gcc/arm-none-eabi/10.3.1/thumb/v7e-m+fp/hard/libgcc.a(_aeabi_uldivmod.o)
 .ARM.attributes
                0x000000000000039d       0x34 /opt/st/stm32cubeide_1.11.2/plugins/com.st.stm32cube.ide.mcu.externaltools.gnu-tools-for-stm32.10.3-2021.10.linux64_1.0.100.202210260954/tools/bin/../lib/gcc/arm-none-eabi/10.3.1/thumb/v7e-m+fp/hard/libgcc.a(_udivmoddi4.o)
 .ARM.attributes
                0x00000000000003d1       0x1e /opt/st/stm32cubeide_1.11.2/plugins/com.st.stm32cube.ide.mcu.externaltools.gnu-tools-for-stm32.10.3-2021.10.linux64_1.0.100.202210260954/tools/bin/../lib/gcc/arm-none-eabi/10.3.1/thumb/v7e-m+fp/hard/libgcc.a(_dvmd_tls.o)
 .ARM.attributes
                0x00000000000003ef       0x1e /opt/st/stm32cubeide_1.11.2/plugins/com.st.stm32cube.ide.mcu.externaltools.gnu-tools-for-stm32.10.3-2021.10.linux64_1.0.100.202210260954/tools/bin/../lib/gcc/arm-none-eabi/10.3.1/thumb/v7e-m+fp/hard/crtn.o
OUTPUT(STM32F4_Bootloader.elf elf32-littlearm)
LOAD linker stubs
LOAD /opt/st/stm32cubeide_1.11.2/plugins/com.st.stm32cube.ide.mcu.externaltools.gnu-tools-for-stm32.10.3-2021.10.linux64_1.0.100.202210260954/tools/bin/../lib/gcc/arm-none-eabi/10.3.1/../../../../arm-none-eabi/lib/thumb/v7e-m+fp/hard/libc.a
LOAD /opt/st/stm32cubeide_1.11.2/plugins/com.st.stm32cube.ide.mcu.externaltools.gnu-tools-for-stm32.10.3-2021.10.linux64_1.0.100.202210260954/tools/bin/../lib/gcc/arm-none-eabi/10.3.1/../../../../arm-none-eabi/lib/thumb/v7e-m+fp/hard/libm.a
LOAD /opt/st/stm32cubeide_1.11.2/plugins/com.st.stm32cube.ide.mcu.externaltools.gnu-tools-for-stm32.10.3-2021.10.linux64_1.0.100.202210260954/tools/bin/../lib/gcc/arm-none-eabi/10.3.1/thumb/v7e-m+fp/hard/libgcc.a

.debug_info     0x0000000000000000     0x96ff
 .debug_info    0x0000000000000000      0x4c3 ./Core/Src/gpio.o
 .debug_info    0x00000000000004c3      0xb3c ./Core/Src/main.o
 .debug_info    0x0000000000000fff      0x2bb ./Core/Src/stm32f4xx_hal_msp.o
 .debug_info    0x00000000000012ba      0x736 ./Core/Src/stm32f4xx_it.o
 .debug_info    0x00000000000019f0      0x523 ./Core/Src/system_stm32f4xx.o
 .debug_info    0x0000000000001f13      0xbf6 ./Core/Src/tim.o
 .debug_info    0x0000000000002b09       0x22 ./Core/Startup/startup_stm32f407vgtx.o
 .debug_info    0x0000000000002b2b      0x97c ./Drivers/STM32F4xx_HAL_Driver/Src/stm32f4xx_hal.o
 .debug_info    0x00000000000034a7      0xe1b ./Drivers/STM32F4xx_HAL_Driver/Src/stm32f4xx_hal_cortex.o
 .debug_info    0x00000000000042c2      0x76a ./Drivers/STM32F4xx_HAL_Driver/Src/stm32f4xx_hal_gpio.o
 .debug_info    0x0000000000004a2c      0x966 ./Drivers/STM32F4xx_HAL_Driver/Src/stm32f4xx_hal_rcc.o
 .debug_info    0x0000000000005392     0x2bbe ./Drivers/STM32F4xx_HAL_Driver/Src/stm32f4xx_hal_tim.o
 .debug_info    0x0000000000007f50     0x15e0 ./Drivers/STM32F4xx_HAL_Driver/Src/stm32f4xx_hal_tim_ex.o
 .debug_info    0x0000000000009530      0x1cf ./bootloader/source/bootloader.o

.debug_abbrev   0x0000000000000000     0x186c
 .debug_abbrev  0x0000000000000000      0x146 ./Core/Src/gpio.o
 .debug_abbrev  0x0000000000000146      0x23e ./Core/Src/main.o
 .debug_abbrev  0x0000000000000384       0xf0 ./Core/Src/stm32f4xx_hal_msp.o
 .debug_abbrev  0x0000000000000474      0x184 ./Core/Src/stm32f4xx_it.o
 .debug_abbrev  0x00000000000005f8      0x116 ./Core/Src/system_stm32f4xx.o
 .debug_abbrev  0x000000000000070e      0x1e0 ./Core/Src/tim.o
 .debug_abbrev  0x00000000000008ee       0x12 ./Core/Startup/startup_stm32f407vgtx.o
 .debug_abbrev  0x0000000000000900      0x20d ./Drivers/STM32F4xx_HAL_Driver/Src/stm32f4xx_hal.o
 .debug_abbrev  0x0000000000000b0d      0x316 ./Drivers/STM32F4xx_HAL_Driver/Src/stm32f4xx_hal_cortex.o
 .debug_abbrev  0x0000000000000e23      0x1c4 ./Drivers/STM32F4xx_HAL_Driver/Src/stm32f4xx_hal_gpio.o
 .debug_abbrev  0x0000000000000fe7      0x2aa ./Drivers/STM32F4xx_HAL_Driver/Src/stm32f4xx_hal_rcc.o
 .debug_abbrev  0x0000000000001291      0x25d ./Drivers/STM32F4xx_HAL_Driver/Src/stm32f4xx_hal_tim.o
 .debug_abbrev  0x00000000000014ee      0x265 ./Drivers/STM32F4xx_HAL_Driver/Src/stm32f4xx_hal_tim_ex.o
 .debug_abbrev  0x0000000000001753      0x119 ./bootloader/source/bootloader.o

.debug_aranges  0x0000000000000000      0x9b0
 .debug_aranges
                0x0000000000000000       0x20 ./Core/Src/gpio.o
 .debug_aranges
                0x0000000000000020       0x40 ./Core/Src/main.o
 .debug_aranges
                0x0000000000000060       0x20 ./Core/Src/stm32f4xx_hal_msp.o
 .debug_aranges
                0x0000000000000080       0x68 ./Core/Src/stm32f4xx_it.o
 .debug_aranges
                0x00000000000000e8       0x28 ./Core/Src/system_stm32f4xx.o
 .debug_aranges
                0x0000000000000110       0x30 ./Core/Src/tim.o
 .debug_aranges
                0x0000000000000140       0x28 ./Core/Startup/startup_stm32f407vgtx.o
 .debug_aranges
                0x0000000000000168       0xf0 ./Drivers/STM32F4xx_HAL_Driver/Src/stm32f4xx_hal.o
 .debug_aranges
                0x0000000000000258      0x118 ./Drivers/STM32F4xx_HAL_Driver/Src/stm32f4xx_hal_cortex.o
 .debug_aranges
                0x0000000000000370       0x58 ./Drivers/STM32F4xx_HAL_Driver/Src/stm32f4xx_hal_gpio.o
 .debug_aranges
                0x00000000000003c8       0x88 ./Drivers/STM32F4xx_HAL_Driver/Src/stm32f4xx_hal_rcc.o
 .debug_aranges
                0x0000000000000450      0x3d0 ./Drivers/STM32F4xx_HAL_Driver/Src/stm32f4xx_hal_tim.o
 .debug_aranges
                0x0000000000000820      0x168 ./Drivers/STM32F4xx_HAL_Driver/Src/stm32f4xx_hal_tim_ex.o
 .debug_aranges
                0x0000000000000988       0x28 ./bootloader/source/bootloader.o

.debug_ranges   0x0000000000000000      0x8d8
 .debug_ranges  0x0000000000000000       0x10 ./Core/Src/gpio.o
 .debug_ranges  0x0000000000000010       0x30 ./Core/Src/main.o
 .debug_ranges  0x0000000000000040       0x10 ./Core/Src/stm32f4xx_hal_msp.o
 .debug_ranges  0x0000000000000050       0x58 ./Core/Src/stm32f4xx_it.o
 .debug_ranges  0x00000000000000a8       0x18 ./Core/Src/system_stm32f4xx.o
 .debug_ranges  0x00000000000000c0       0x20 ./Core/Src/tim.o
 .debug_ranges  0x00000000000000e0       0x20 ./Core/Startup/startup_stm32f407vgtx.o
 .debug_ranges  0x0000000000000100       0xe0 ./Drivers/STM32F4xx_HAL_Driver/Src/stm32f4xx_hal.o
 .debug_ranges  0x00000000000001e0      0x108 ./Drivers/STM32F4xx_HAL_Driver/Src/stm32f4xx_hal_cortex.o
 .debug_ranges  0x00000000000002e8       0x48 ./Drivers/STM32F4xx_HAL_Driver/Src/stm32f4xx_hal_gpio.o
 .debug_ranges  0x0000000000000330       0x78 ./Drivers/STM32F4xx_HAL_Driver/Src/stm32f4xx_hal_rcc.o
 .debug_ranges  0x00000000000003a8      0x3c0 ./Drivers/STM32F4xx_HAL_Driver/Src/stm32f4xx_hal_tim.o
 .debug_ranges  0x0000000000000768      0x158 ./Drivers/STM32F4xx_HAL_Driver/Src/stm32f4xx_hal_tim_ex.o
 .debug_ranges  0x00000000000008c0       0x18 ./bootloader/source/bootloader.o

.debug_macro    0x0000000000000000    0x21177
 .debug_macro   0x0000000000000000      0x1dd ./Core/Src/gpio.o
 .debug_macro   0x00000000000001dd      0xa78 ./Core/Src/gpio.o
 .debug_macro   0x0000000000000c55      0x295 ./Core/Src/gpio.o
 .debug_macro   0x0000000000000eea       0x2e ./Core/Src/gpio.o
 .debug_macro   0x0000000000000f18       0x2f ./Core/Src/gpio.o
 .debug_macro   0x0000000000000f47       0x22 ./Core/Src/gpio.o
 .debug_macro   0x0000000000000f69       0x8e ./Core/Src/gpio.o
 .debug_macro   0x0000000000000ff7       0x51 ./Core/Src/gpio.o
 .debug_macro   0x0000000000001048      0x103 ./Core/Src/gpio.o
 .debug_macro   0x000000000000114b       0x6a ./Core/Src/gpio.o
 .debug_macro   0x00000000000011b5      0x1df ./Core/Src/gpio.o
 .debug_macro   0x0000000000001394       0x1c ./Core/Src/gpio.o
 .debug_macro   0x00000000000013b0       0x22 ./Core/Src/gpio.o
 .debug_macro   0x00000000000013d2       0xd9 ./Core/Src/gpio.o
 .debug_macro   0x00000000000014ab     0x102d ./Core/Src/gpio.o
 .debug_macro   0x00000000000024d8      0x11f ./Core/Src/gpio.o
 .debug_macro   0x00000000000025f7    0x15e82 ./Core/Src/gpio.o
 .debug_macro   0x0000000000018479       0x6d ./Core/Src/gpio.o
 .debug_macro   0x00000000000184e6     0x367e ./Core/Src/gpio.o
 .debug_macro   0x000000000001bb64      0x174 ./Core/Src/gpio.o
 .debug_macro   0x000000000001bcd8       0x5c ./Core/Src/gpio.o
 .debug_macro   0x000000000001bd34      0x96b ./Core/Src/gpio.o
 .debug_macro   0x000000000001c69f      0x9fe ./Core/Src/gpio.o
 .debug_macro   0x000000000001d09d      0x115 ./Core/Src/gpio.o
 .debug_macro   0x000000000001d1b2      0x13e ./Core/Src/gpio.o
 .debug_macro   0x000000000001d2f0       0xa5 ./Core/Src/gpio.o
 .debug_macro   0x000000000001d395      0x174 ./Core/Src/gpio.o
 .debug_macro   0x000000000001d509      0x287 ./Core/Src/gpio.o
 .debug_macro   0x000000000001d790       0x5f ./Core/Src/gpio.o
 .debug_macro   0x000000000001d7ef      0x236 ./Core/Src/gpio.o
 .debug_macro   0x000000000001da25      0x12c ./Core/Src/gpio.o
 .debug_macro   0x000000000001db51      0x21e ./Core/Src/gpio.o
 .debug_macro   0x000000000001dd6f       0x2e ./Core/Src/gpio.o
 .debug_macro   0x000000000001dd9d      0x11a ./Core/Src/gpio.o
 .debug_macro   0x000000000001deb7       0x7e ./Core/Src/gpio.o
 .debug_macro   0x000000000001df35       0x89 ./Core/Src/gpio.o
 .debug_macro   0x000000000001dfbe      0x8e6 ./Core/Src/gpio.o
 .debug_macro   0x000000000001e8a4       0x47 ./Core/Src/gpio.o
 .debug_macro   0x000000000001e8eb      0x12d ./Core/Src/gpio.o
 .debug_macro   0x000000000001ea18      0x190 ./Core/Src/gpio.o
 .debug_macro   0x000000000001eba8      0x35d ./Core/Src/main.o
 .debug_macro   0x000000000001ef05       0x52 ./Core/Src/main.o
 .debug_macro   0x000000000001ef57       0x1e ./Core/Src/main.o
 .debug_macro   0x000000000001ef75       0x3c ./Core/Src/main.o
 .debug_macro   0x000000000001efb1       0x34 ./Core/Src/main.o
 .debug_macro   0x000000000001efe5       0x16 ./Core/Src/main.o
 .debug_macro   0x000000000001effb       0x35 ./Core/Src/main.o
 .debug_macro   0x000000000001f030      0x341 ./Core/Src/main.o
 .debug_macro   0x000000000001f371       0x10 ./Core/Src/main.o
 .debug_macro   0x000000000001f381       0x16 ./Core/Src/main.o
 .debug_macro   0x000000000001f397       0x43 ./Core/Src/main.o
 .debug_macro   0x000000000001f3da       0x34 ./Core/Src/main.o
 .debug_macro   0x000000000001f40e       0x10 ./Core/Src/main.o
 .debug_macro   0x000000000001f41e       0x58 ./Core/Src/main.o
 .debug_macro   0x000000000001f476       0x71 ./Core/Src/main.o
 .debug_macro   0x000000000001f4e7       0x1c ./Core/Src/main.o
 .debug_macro   0x000000000001f503      0x12a ./Core/Src/main.o
 .debug_macro   0x000000000001f62d       0x10 ./Core/Src/main.o
 .debug_macro   0x000000000001f63d       0x1c ./Core/Src/main.o
 .debug_macro   0x000000000001f659       0x52 ./Core/Src/main.o
 .debug_macro   0x000000000001f6ab       0x22 ./Core/Src/main.o
 .debug_macro   0x000000000001f6cd       0x10 ./Core/Src/main.o
 .debug_macro   0x000000000001f6dd       0x52 ./Core/Src/main.o
 .debug_macro   0x000000000001f72f       0xd5 ./Core/Src/main.o
 .debug_macro   0x000000000001f804       0x1c ./Core/Src/main.o
 .debug_macro   0x000000000001f820       0x3d ./Core/Src/main.o
 .debug_macro   0x000000000001f85d       0x16 ./Core/Src/main.o
 .debug_macro   0x000000000001f873      0x145 ./Core/Src/main.o
 .debug_macro   0x000000000001f9b8       0x22 ./Core/Src/main.o
 .debug_macro   0x000000000001f9da      0x1d3 ./Core/Src/stm32f4xx_hal_msp.o
 .debug_macro   0x000000000001fbad      0x1dd ./Core/Src/stm32f4xx_it.o
 .debug_macro   0x000000000001fd8a      0x1c4 ./Core/Src/system_stm32f4xx.o
 .debug_macro   0x000000000001ff4e      0x1dd ./Core/Src/tim.o
 .debug_macro   0x000000000002012b      0x224 ./Drivers/STM32F4xx_HAL_Driver/Src/stm32f4xx_hal.o
 .debug_macro   0x000000000002034f      0x1c4 ./Drivers/STM32F4xx_HAL_Driver/Src/stm32f4xx_hal_cortex.o
 .debug_macro   0x0000000000020513      0x1ca ./Drivers/STM32F4xx_HAL_Driver/Src/stm32f4xx_hal_gpio.o
 .debug_macro   0x00000000000206dd      0x1e8 ./Drivers/STM32F4xx_HAL_Driver/Src/stm32f4xx_hal_rcc.o
 .debug_macro   0x00000000000208c5      0x1c5 ./Drivers/STM32F4xx_HAL_Driver/Src/stm32f4xx_hal_tim.o
 .debug_macro   0x0000000000020a8a      0x1c4 ./Drivers/STM32F4xx_HAL_Driver/Src/stm32f4xx_hal_tim_ex.o
 .debug_macro   0x0000000000020c4e      0x33f ./bootloader/source/bootloader.o
 .debug_macro   0x0000000000020f8d       0x97 ./bootloader/source/bootloader.o
 .debug_macro   0x0000000000021024       0xfd ./bootloader/source/bootloader.o
 .debug_macro   0x0000000000021121       0x56 ./bootloader/source/bootloader.o

.debug_line     0x0000000000000000     0xb36c
 .debug_line    0x0000000000000000      0x756 ./Core/Src/gpio.o
 .debug_line    0x0000000000000756      0x98d ./Core/Src/main.o
 .debug_line    0x00000000000010e3      0x688 ./Core/Src/stm32f4xx_hal_msp.o
 .debug_line    0x000000000000176b      0x762 ./Core/Src/stm32f4xx_it.o
 .debug_line    0x0000000000001ecd      0x709 ./Core/Src/system_stm32f4xx.o
 .debug_line    0x00000000000025d6      0x6e6 ./Core/Src/tim.o
 .debug_line    0x0000000000002cbc       0x88 ./Core/Startup/startup_stm32f407vgtx.o
 .debug_line    0x0000000000002d44      0x96f ./Drivers/STM32F4xx_HAL_Driver/Src/stm32f4xx_hal.o
 .debug_line    0x00000000000036b3      0xc1e ./Drivers/STM32F4xx_HAL_Driver/Src/stm32f4xx_hal_cortex.o
 .debug_line    0x00000000000042d1      0xae3 ./Drivers/STM32F4xx_HAL_Driver/Src/stm32f4xx_hal_gpio.o
 .debug_line    0x0000000000004db4      0xceb ./Drivers/STM32F4xx_HAL_Driver/Src/stm32f4xx_hal_rcc.o
 .debug_line    0x0000000000005a9f     0x3663 ./Drivers/STM32F4xx_HAL_Driver/Src/stm32f4xx_hal_tim.o
 .debug_line    0x0000000000009102     0x196c ./Drivers/STM32F4xx_HAL_Driver/Src/stm32f4xx_hal_tim_ex.o
 .debug_line    0x000000000000aa6e      0x8fe ./bootloader/source/bootloader.o

.debug_str      0x0000000000000000    0xc8ae9
 .debug_str     0x0000000000000000    0xc1ea0 ./Core/Src/gpio.o
                                      0xc212c (size before relaxing)
 .debug_str     0x00000000000c1ea0     0x4457 ./Core/Src/main.o
                                      0xc655a (size before relaxing)
 .debug_str     0x00000000000c62f7       0x49 ./Core/Src/stm32f4xx_hal_msp.o
                                      0xc206c (size before relaxing)
 .debug_str     0x00000000000c6340       0xf2 ./Core/Src/stm32f4xx_it.o
                                      0xc2533 (size before relaxing)
 .debug_str     0x00000000000c6432       0xdb ./Core/Src/system_stm32f4xx.o
                                      0xc1a9a (size before relaxing)
 .debug_str     0x00000000000c650d      0x5fc ./Core/Src/tim.o
                                      0xc2bc1 (size before relaxing)
 .debug_str     0x00000000000c6b09       0x36 ./Core/Startup/startup_stm32f407vgtx.o
                                         0x83 (size before relaxing)
 .debug_str     0x00000000000c6b3f      0x5fa ./Drivers/STM32F4xx_HAL_Driver/Src/stm32f4xx_hal.o
                                      0xc261e (size before relaxing)
 .debug_str     0x00000000000c7139      0x332 ./Drivers/STM32F4xx_HAL_Driver/Src/stm32f4xx_hal_cortex.o
                                      0xc2351 (size before relaxing)
 .debug_str     0x00000000000c746b      0x131 ./Drivers/STM32F4xx_HAL_Driver/Src/stm32f4xx_hal_gpio.o
                                      0xc1c15 (size before relaxing)
 .debug_str     0x00000000000c759c      0x233 ./Drivers/STM32F4xx_HAL_Driver/Src/stm32f4xx_hal_rcc.o
                                      0xc1ece (size before relaxing)
 .debug_str     0x00000000000c77cf      0xe3d ./Drivers/STM32F4xx_HAL_Driver/Src/stm32f4xx_hal_tim.o
                                      0xc2e14 (size before relaxing)
 .debug_str     0x00000000000c860c      0x493 ./Drivers/STM32F4xx_HAL_Driver/Src/stm32f4xx_hal_tim_ex.o
                                      0xc2630 (size before relaxing)
 .debug_str     0x00000000000c8a9f       0x4a ./bootloader/source/bootloader.o
                                      0xc5d9c (size before relaxing)

.comment        0x0000000000000000       0x50
 .comment       0x0000000000000000       0x50 ./Core/Src/gpio.o
                                         0x51 (size before relaxing)
 .comment       0x0000000000000050       0x51 ./Core/Src/main.o
 .comment       0x0000000000000050       0x51 ./Core/Src/stm32f4xx_hal_msp.o
 .comment       0x0000000000000050       0x51 ./Core/Src/stm32f4xx_it.o
 .comment       0x0000000000000050       0x51 ./Core/Src/system_stm32f4xx.o
 .comment       0x0000000000000050       0x51 ./Core/Src/tim.o
 .comment       0x0000000000000050       0x51 ./Drivers/STM32F4xx_HAL_Driver/Src/stm32f4xx_hal.o
 .comment       0x0000000000000050       0x51 ./Drivers/STM32F4xx_HAL_Driver/Src/stm32f4xx_hal_cortex.o
 .comment       0x0000000000000050       0x51 ./Drivers/STM32F4xx_HAL_Driver/Src/stm32f4xx_hal_gpio.o
 .comment       0x0000000000000050       0x51 ./Drivers/STM32F4xx_HAL_Driver/Src/stm32f4xx_hal_rcc.o
 .comment       0x0000000000000050       0x51 ./Drivers/STM32F4xx_HAL_Driver/Src/stm32f4xx_hal_tim.o
 .comment       0x0000000000000050       0x51 ./Drivers/STM32F4xx_HAL_Driver/Src/stm32f4xx_hal_tim_ex.o
 .comment       0x0000000000000050       0x51 ./bootloader/source/bootloader.o

.debug_frame    0x0000000000000000     0x274c
 .debug_frame   0x0000000000000000       0x38 ./Core/Src/gpio.o
 .debug_frame   0x0000000000000038       0xb0 ./Core/Src/main.o
 .debug_frame   0x00000000000000e8       0x34 ./Core/Src/stm32f4xx_hal_msp.o
 .debug_frame   0x000000000000011c      0x120 ./Core/Src/stm32f4xx_it.o
 .debug_frame   0x000000000000023c       0x58 ./Core/Src/system_stm32f4xx.o
 .debug_frame   0x0000000000000294       0x7c ./Core/Src/tim.o
 .debug_frame   0x0000000000000310      0x374 ./Drivers/STM32F4xx_HAL_Driver/Src/stm32f4xx_hal.o
 .debug_frame   0x0000000000000684      0x498 ./Drivers/STM32F4xx_HAL_Driver/Src/stm32f4xx_hal_cortex.o
 .debug_frame   0x0000000000000b1c      0x14c ./Drivers/STM32F4xx_HAL_Driver/Src/stm32f4xx_hal_gpio.o
 .debug_frame   0x0000000000000c68      0x1f4 ./Drivers/STM32F4xx_HAL_Driver/Src/stm32f4xx_hal_rcc.o
 .debug_frame   0x0000000000000e5c     0x11c4 ./Drivers/STM32F4xx_HAL_Driver/Src/stm32f4xx_hal_tim.o
 .debug_frame   0x0000000000002020      0x638 ./Drivers/STM32F4xx_HAL_Driver/Src/stm32f4xx_hal_tim_ex.o
 .debug_frame   0x0000000000002658       0x48 ./bootloader/source/bootloader.o
 .debug_frame   0x00000000000026a0       0x2c /opt/st/stm32cubeide_1.11.2/plugins/com.st.stm32cube.ide.mcu.externaltools.gnu-tools-for-stm32.10.3-2021.10.linux64_1.0.100.202210260954/tools/bin/../lib/gcc/arm-none-eabi/10.3.1/../../../../arm-none-eabi/lib/thumb/v7e-m+fp/hard/libc_nano.a(lib_a-init.o)
 .debug_frame   0x00000000000026cc       0x20 /opt/st/stm32cubeide_1.11.2/plugins/com.st.stm32cube.ide.mcu.externaltools.gnu-tools-for-stm32.10.3-2021.10.linux64_1.0.100.202210260954/tools/bin/../lib/gcc/arm-none-eabi/10.3.1/../../../../arm-none-eabi/lib/thumb/v7e-m+fp/hard/libc_nano.a(lib_a-memset.o)
 .debug_frame   0x00000000000026ec       0x2c /opt/st/stm32cubeide_1.11.2/plugins/com.st.stm32cube.ide.mcu.externaltools.gnu-tools-for-stm32.10.3-2021.10.linux64_1.0.100.202210260954/tools/bin/../lib/gcc/arm-none-eabi/10.3.1/thumb/v7e-m+fp/hard/libgcc.a(_aeabi_uldivmod.o)
 .debug_frame   0x0000000000002718       0x34 /opt/st/stm32cubeide_1.11.2/plugins/com.st.stm32cube.ide.mcu.externaltools.gnu-tools-for-stm32.10.3-2021.10.linux64_1.0.100.202210260954/tools/bin/../lib/gcc/arm-none-eabi/10.3.1/thumb/v7e-m+fp/hard/libgcc.a(_udivmoddi4.o)
