Archive member included to satisfy reference by file (symbol)

/opt/st/stm32cubeide_1.11.2/plugins/com.st.stm32cube.ide.mcu.externaltools.gnu-tools-for-stm32.10.3-2021.10.linux64_1.0.100.202210260954/tools/bin/../lib/gcc/arm-none-eabi/10.3.1/../../../../arm-none-eabi/lib/thumb/v7e-m+fp/hard/libc_nano.a(lib_a-errno.o)
                              ./Core/Src/syscalls.o (__errno)
/opt/st/stm32cubeide_1.11.2/plugins/com.st.stm32cube.ide.mcu.externaltools.gnu-tools-for-stm32.10.3-2021.10.linux64_1.0.100.202210260954/tools/bin/../lib/gcc/arm-none-eabi/10.3.1/../../../../arm-none-eabi/lib/thumb/v7e-m+fp/hard/libc_nano.a(lib_a-exit.o)
                              /opt/st/stm32cubeide_1.11.2/plugins/com.st.stm32cube.ide.mcu.externaltools.gnu-tools-for-stm32.10.3-2021.10.linux64_1.0.100.202210260954/tools/bin/../lib/gcc/arm-none-eabi/10.3.1/../../../../arm-none-eabi/lib/thumb/v7e-m+fp/hard/crt0.o (exit)
/opt/st/stm32cubeide_1.11.2/plugins/com.st.stm32cube.ide.mcu.externaltools.gnu-tools-for-stm32.10.3-2021.10.linux64_1.0.100.202210260954/tools/bin/../lib/gcc/arm-none-eabi/10.3.1/../../../../arm-none-eabi/lib/thumb/v7e-m+fp/hard/libc_nano.a(lib_a-impure.o)
                              /opt/st/stm32cubeide_1.11.2/plugins/com.st.stm32cube.ide.mcu.externaltools.gnu-tools-for-stm32.10.3-2021.10.linux64_1.0.100.202210260954/tools/bin/../lib/gcc/arm-none-eabi/10.3.1/../../../../arm-none-eabi/lib/thumb/v7e-m+fp/hard/libc_nano.a(lib_a-exit.o) (_global_impure_ptr)
/opt/st/stm32cubeide_1.11.2/plugins/com.st.stm32cube.ide.mcu.externaltools.gnu-tools-for-stm32.10.3-2021.10.linux64_1.0.100.202210260954/tools/bin/../lib/gcc/arm-none-eabi/10.3.1/../../../../arm-none-eabi/lib/thumb/v7e-m+fp/hard/libc_nano.a(lib_a-init.o)
                              /opt/st/stm32cubeide_1.11.2/plugins/com.st.stm32cube.ide.mcu.externaltools.gnu-tools-for-stm32.10.3-2021.10.linux64_1.0.100.202210260954/tools/bin/../lib/gcc/arm-none-eabi/10.3.1/../../../../arm-none-eabi/lib/thumb/v7e-m+fp/hard/crt0.o (__libc_init_array)
/opt/st/stm32cubeide_1.11.2/plugins/com.st.stm32cube.ide.mcu.externaltools.gnu-tools-for-stm32.10.3-2021.10.linux64_1.0.100.202210260954/tools/bin/../lib/gcc/arm-none-eabi/10.3.1/../../../../arm-none-eabi/lib/thumb/v7e-m+fp/hard/libc_nano.a(lib_a-memcpy-stub.o)
                              ./bootloader/source/bootloader.o (memcpy)
/opt/st/stm32cubeide_1.11.2/plugins/com.st.stm32cube.ide.mcu.externaltools.gnu-tools-for-stm32.10.3-2021.10.linux64_1.0.100.202210260954/tools/bin/../lib/gcc/arm-none-eabi/10.3.1/../../../../arm-none-eabi/lib/thumb/v7e-m+fp/hard/libc_nano.a(lib_a-memset.o)
                              /opt/st/stm32cubeide_1.11.2/plugins/com.st.stm32cube.ide.mcu.externaltools.gnu-tools-for-stm32.10.3-2021.10.linux64_1.0.100.202210260954/tools/bin/../lib/gcc/arm-none-eabi/10.3.1/../../../../arm-none-eabi/lib/thumb/v7e-m+fp/hard/crt0.o (memset)
/opt/st/stm32cubeide_1.11.2/plugins/com.st.stm32cube.ide.mcu.externaltools.gnu-tools-for-stm32.10.3-2021.10.linux64_1.0.100.202210260954/tools/bin/../lib/gcc/arm-none-eabi/10.3.1/thumb/v7e-m+fp/hard/libgcc.a(_aeabi_uldivmod.o)
                              ./Drivers/STM32F4xx_HAL_Driver/Src/stm32f4xx_hal_rcc.o (__aeabi_uldivmod)
/opt/st/stm32cubeide_1.11.2/plugins/com.st.stm32cube.ide.mcu.externaltools.gnu-tools-for-stm32.10.3-2021.10.linux64_1.0.100.202210260954/tools/bin/../lib/gcc/arm-none-eabi/10.3.1/thumb/v7e-m+fp/hard/libgcc.a(_udivmoddi4.o)
                              /opt/st/stm32cubeide_1.11.2/plugins/com.st.stm32cube.ide.mcu.externaltools.gnu-tools-for-stm32.10.3-2021.10.linux64_1.0.100.202210260954/tools/bin/../lib/gcc/arm-none-eabi/10.3.1/thumb/v7e-m+fp/hard/libgcc.a(_aeabi_uldivmod.o) (__udivmoddi4)
/opt/st/stm32cubeide_1.11.2/plugins/com.st.stm32cube.ide.mcu.externaltools.gnu-tools-for-stm32.10.3-2021.10.linux64_1.0.100.202210260954/tools/bin/../lib/gcc/arm-none-eabi/10.3.1/thumb/v7e-m+fp/hard/libgcc.a(_dvmd_tls.o)
                              /opt/st/stm32cubeide_1.11.2/plugins/com.st.stm32cube.ide.mcu.externaltools.gnu-tools-for-stm32.10.3-2021.10.linux64_1.0.100.202210260954/tools/bin/../lib/gcc/arm-none-eabi/10.3.1/thumb/v7e-m+fp/hard/libgcc.a(_aeabi_uldivmod.o) (__aeabi_ldiv0)

Discarded input sections

 .text          0x0000000000000000        0x0 /opt/st/stm32cubeide_1.11.2/plugins/com.st.stm32cube.ide.mcu.externaltools.gnu-tools-for-stm32.10.3-2021.10.linux64_1.0.100.202210260954/tools/bin/../lib/gcc/arm-none-eabi/10.3.1/thumb/v7e-m+fp/hard/crti.o
 .data          0x0000000000000000        0x0 /opt/st/stm32cubeide_1.11.2/plugins/com.st.stm32cube.ide.mcu.externaltools.gnu-tools-for-stm32.10.3-2021.10.linux64_1.0.100.202210260954/tools/bin/../lib/gcc/arm-none-eabi/10.3.1/thumb/v7e-m+fp/hard/crti.o
 .bss           0x0000000000000000        0x0 /opt/st/stm32cubeide_1.11.2/plugins/com.st.stm32cube.ide.mcu.externaltools.gnu-tools-for-stm32.10.3-2021.10.linux64_1.0.100.202210260954/tools/bin/../lib/gcc/arm-none-eabi/10.3.1/thumb/v7e-m+fp/hard/crti.o
[...]
Memory Configuration

Name             Origin             Length             Attributes
CCMRAM           0x0000000010000000 0x0000000000010000 xrw
RAM              0x0000000020000000 0x0000000000020000 xrw
FLASH            0x0000000008000000 0x0000000000020000 xr
*default*        0x0000000000000000 0xffffffffffffffff

Linker script and memory map

LOAD /opt/st/stm32cubeide_1.11.2/plugins/com.st.stm32cube.ide.mcu.externaltools.gnu-tools-for-stm32.10.3-2021.10.linux64_1.0.100.202210260954/tools/bin/../lib/gcc/arm-none-eabi/10.3.1/thumb/v7e-m+fp/hard/crti.o
LOAD /opt/st/stm32cubeide_1.11.2/plugins/com.st.stm32cube.ide.mcu.externaltools.gnu-tools-for-stm32.10.3-2021.10.linux64_1.0.100.202210260954/tools/bin/../lib/gcc/arm-none-eabi/10.3.1/thumb/v7e-m+fp/hard/crtbegin.o
LOAD /opt/st/stm32cubeide_1.11.2/plugins/com.st.stm32cube.ide.mcu.externaltools.gnu-tools-for-stm32.10.3-2021.10.linux64_1.0.100.202210260954/tools/bin/../lib/gcc/arm-none-eabi/10.3.1/../../../../arm-none-eabi/lib/thumb/v7e-m+fp/hard/crt0.o
LOAD ./Core/Src/gpio.o
LOAD ./Core/Src/main.o
LOAD ./Core/Src/stm32f4xx_hal_msp.o
LOAD ./Core/Src/stm32f4xx_it.o
LOAD ./Core/Src/syscalls.o
LOAD ./Core/Src/sysmem.o
LOAD ./Core/Src/system_stm32f4xx.o
LOAD ./Core/Src/tim.o
LOAD ./Core/Src/usart.o
LOAD ./Core/Startup/startup_stm32f407vgtx.o
LOAD ./Drivers/STM32F4xx_HAL_Driver/Src/stm32f4xx_hal.o
LOAD ./Drivers/STM32F4xx_HAL_Driver/Src/stm32f4xx_hal_cortex.o
LOAD ./Drivers/STM32F4xx_HAL_Driver/Src/stm32f4xx_hal_dma.o
LOAD ./Drivers/STM32F4xx_HAL_Driver/Src/stm32f4xx_hal_dma_ex.o
LOAD ./Drivers/STM32F4xx_HAL_Driver/Src/stm32f4xx_hal_exti.o
LOAD ./Drivers/STM32F4xx_HAL_Driver/Src/stm32f4xx_hal_flash.o
LOAD ./Drivers/STM32F4xx_HAL_Driver/Src/stm32f4xx_hal_flash_ex.o
LOAD ./Drivers/STM32F4xx_HAL_Driver/Src/stm32f4xx_hal_flash_ramfunc.o
LOAD ./Drivers/STM32F4xx_HAL_Driver/Src/stm32f4xx_hal_gpio.o
LOAD ./Drivers/STM32F4xx_HAL_Driver/Src/stm32f4xx_hal_pwr.o
LOAD ./Drivers/STM32F4xx_HAL_Driver/Src/stm32f4xx_hal_pwr_ex.o
LOAD ./Drivers/STM32F4xx_HAL_Driver/Src/stm32f4xx_hal_rcc.o
LOAD ./Drivers/STM32F4xx_HAL_Driver/Src/stm32f4xx_hal_rcc_ex.o
LOAD ./Drivers/STM32F4xx_HAL_Driver/Src/stm32f4xx_hal_tim.o
LOAD ./Drivers/STM32F4xx_HAL_Driver/Src/stm32f4xx_hal_tim_ex.o
LOAD ./Drivers/STM32F4xx_HAL_Driver/Src/stm32f4xx_hal_uart.o
LOAD ./bootloader/source/bootloader.o
START GROUP
LOAD /opt/st/stm32cubeide_1.11.2/plugins/com.st.stm32cube.ide.mcu.externaltools.gnu-tools-for-stm32.10.3-2021.10.linux64_1.0.100.202210260954/tools/bin/../lib/gcc/arm-none-eabi/10.3.1/../../../../arm-none-eabi/lib/thumb/v7e-m+fp/hard/libc_nano.a
LOAD /opt/st/stm32cubeide_1.11.2/plugins/com.st.stm32cube.ide.mcu.externaltools.gnu-tools-for-stm32.10.3-2021.10.linux64_1.0.100.202210260954/tools/bin/../lib/gcc/arm-none-eabi/10.3.1/../../../../arm-none-eabi/lib/thumb/v7e-m+fp/hard/libm.a
END GROUP
START GROUP
LOAD /opt/st/stm32cubeide_1.11.2/plugins/com.st.stm32cube.ide.mcu.externaltools.gnu-tools-for-stm32.10.3-2021.10.linux64_1.0.100.202210260954/tools/bin/../lib/gcc/arm-none-eabi/10.3.1/thumb/v7e-m+fp/hard/libgcc.a
LOAD /opt/st/stm32cubeide_1.11.2/plugins/com.st.stm32cube.ide.mcu.externaltools.gnu-tools-for-stm32.10.3-2021.10.linux64_1.0.100.202210260954/tools/bin/../lib/gcc/arm-none-eabi/10.3.1/../../../../arm-none-eabi/lib/thumb/v7e-m+fp/hard/libc_nano.a
END GROUP
START GROUP
LOAD /opt/st/stm32cubeide_1.11.2/plugins/com.st.stm32cube.ide.mcu.externaltools.gnu-tools-for-stm32.10.3-2021.10.linux64_1.0.100.202210260954/tools/bin/../lib/gcc/arm-none-eabi/10.3.1/thumb/v7e-m+fp/hard/libgcc.a
LOAD /opt/st/stm32cubeide_1.11.2/plugins/com.st.stm32cube.ide.mcu.externaltools.gnu-tools-for-stm32.10.3-2021.10.linux64_1.0.100.202210260954/tools/bin/../lib/gcc/arm-none-eabi/10.3.1/../../../../arm-none-eabi/lib/thumb/v7e-m+fp/hard/libc_nano.a
LOAD /opt/st/stm32cubeide_1.11.2/plugins/com.st.stm32cube.ide.mcu.externaltools.gnu-tools-for-stm32.10.3-2021.10.linux64_1.0.100.202210260954/tools/bin/../lib/gcc/arm-none-eabi/10.3.1/../../../../arm-none-eabi/lib/thumb/v7e-m+fp/hard/libnosys.a
END GROUP
START GROUP
LOAD /opt/st/stm32cubeide_1.11.2/plugins/com.st.stm32cube.ide.mcu.externaltools.gnu-tools-for-stm32.10.3-2021.10.linux64_1.0.100.202210260954/tools/bin/../lib/gcc/arm-none-eabi/10.3.1/thumb/v7e-m+fp/hard/libgcc.a
LOAD /opt/st/stm32cubeide_1.11.2/plugins/com.st.stm32cube.ide.mcu.externaltools.gnu-tools-for-stm32.10.3-2021.10.linux64_1.0.100.202210260954/tools/bin/../lib/gcc/arm-none-eabi/10.3.1/../../../../arm-none-eabi/lib/thumb/v7e-m+fp/hard/libc_nano.a
LOAD /opt/st/stm32cubeide_1.11.2/plugins/com.st.stm32cube.ide.mcu.externaltools.gnu-tools-for-stm32.10.3-2021.10.linux64_1.0.100.202210260954/tools/bin/../lib/gcc/arm-none-eabi/10.3.1/../../../../arm-none-eabi/lib/thumb/v7e-m+fp/hard/libnosys.a
END GROUP
LOAD /opt/st/stm32cubeide_1.11.2/plugins/com.st.stm32cube.ide.mcu.externaltools.gnu-tools-for-stm32.10.3-2021.10.linux64_1.0.100.202210260954/tools/bin/../lib/gcc/arm-none-eabi/10.3.1/thumb/v7e-m+fp/hard/crtend.o
LOAD /opt/st/stm32cubeide_1.11.2/plugins/com.st.stm32cube.ide.mcu.externaltools.gnu-tools-for-stm32.10.3-2021.10.linux64_1.0.100.202210260954/tools/bin/../lib/gcc/arm-none-eabi/10.3.1/thumb/v7e-m+fp/hard/crtn.o
                0x0000000020020000                _estack = (ORIGIN (RAM) + LENGTH (RAM))
                0x0000000000000200                _Min_Heap_Size = 0x200
                0x0000000000000400                _Min_Stack_Size = 0x400

.isr_vector     0x0000000008000000      0x188
                0x0000000008000000                . = ALIGN (0x4)
 *(.isr_vector)
 .isr_vector    0x0000000008000000      0x188 ./Core/Startup/startup_stm32f407vgtx.o
                0x0000000008000000                g_pfnVectors
                0x0000000008000188                . = ALIGN (0x4)

.text           0x0000000008000188     0x269c
                0x0000000008000188                . = ALIGN (0x4)
 *(.text)
 .text          0x0000000008000188       0x40 /opt/st/stm32cubeide_1.11.2/plugins/com.st.stm32cube.ide.mcu.externaltools.gnu-tools-for-stm32.10.3-2021.10.linux64_1.0.100.202210260954/tools/bin/../lib/gcc/arm-none-eabi/10.3.1/thumb/v7e-m+fp/hard/crtbegin.o
 .text          0x00000000080001c8       0x30 /opt/st/stm32cubeide_1.11.2/plugins/com.st.stm32cube.ide.mcu.externaltools.gnu-tools-for-stm32.10.3-2021.10.linux64_1.0.100.202210260954/tools/bin/../lib/gcc/arm-none-eabi/10.3.1/thumb/v7e-m+fp/hard/libgcc.a(_aeabi_uldivmod.o)
                0x00000000080001c8                __aeabi_uldivmod
 .text          0x00000000080001f8      0x2d0 /opt/st/stm32cubeide_1.11.2/plugins/com.st.stm32cube.ide.mcu.externaltools.gnu-tools-for-stm32.10.3-2021.10.linux64_1.0.100.202210260954/tools/bin/../lib/gcc/arm-none-eabi/10.3.1/thumb/v7e-m+fp/hard/libgcc.a(_udivmoddi4.o)
                0x00000000080001f8                __udivmoddi4
 .text          0x00000000080004c8        0x4 /opt/st/stm32cubeide_1.11.2/plugins/com.st.stm32cube.ide.mcu.externaltools.gnu-tools-for-stm32.10.3-2021.10.linux64_1.0.100.202210260954/tools/bin/../lib/gcc/arm-none-eabi/10.3.1/thumb/v7e-m+fp/hard/libgcc.a(_dvmd_tls.o)
                0x00000000080004c8                __aeabi_ldiv0
                0x00000000080004c8                __aeabi_idiv0
 *(.text*)
 .text.MX_GPIO_Init
                0x00000000080004cc      0x2bc ./Core/Src/gpio.o
                0x00000000080004cc                MX_GPIO_Init
 .text.GetTickCounter
                0x0000000008000788       0x18 ./Core/Src/main.o
                0x0000000008000788                GetTickCounter
 .text.HAL_TIM_PeriodElapsedCallback
                0x00000000080007a0       0x30 ./Core/Src/main.o
                0x00000000080007a0                HAL_TIM_PeriodElapsedCallback
 .text.main     0x00000000080007d0       0x1e ./Core/Src/main.o
                0x00000000080007d0                main
 *fill*         0x00000000080007ee        0x2 
 .text.SystemClock_Config
                0x00000000080007f0       0xd0 ./Core/Src/main.o
                0x00000000080007f0                SystemClock_Config
 .text.Error_Handler
                0x00000000080008c0        0xa ./Core/Src/main.o
                0x00000000080008c0                Error_Handler
 *fill*         0x00000000080008ca        0x2 
 .text.HAL_MspInit
                0x00000000080008cc       0x50 ./Core/Src/stm32f4xx_hal_msp.o
                0x00000000080008cc                HAL_MspInit
 .text.NMI_Handler
                0x000000000800091c        0x6 ./Core/Src/stm32f4xx_it.o
                0x000000000800091c                NMI_Handler
 .text.HardFault_Handler
                0x0000000008000922        0x6 ./Core/Src/stm32f4xx_it.o
                0x0000000008000922                HardFault_Handler
 .text.MemManage_Handler
                0x0000000008000928        0x6 ./Core/Src/stm32f4xx_it.o
                0x0000000008000928                MemManage_Handler
 .text.BusFault_Handler
                0x000000000800092e        0x6 ./Core/Src/stm32f4xx_it.o
                0x000000000800092e                BusFault_Handler
 .text.UsageFault_Handler
                0x0000000008000934        0x6 ./Core/Src/stm32f4xx_it.o
                0x0000000008000934                UsageFault_Handler
 .text.SVC_Handler
                0x000000000800093a        0xe ./Core/Src/stm32f4xx_it.o
                0x000000000800093a                SVC_Handler
 .text.DebugMon_Handler
                0x0000000008000948        0xe ./Core/Src/stm32f4xx_it.o
                0x0000000008000948                DebugMon_Handler
 .text.PendSV_Handler
                0x0000000008000956        0xe ./Core/Src/stm32f4xx_it.o
                0x0000000008000956                PendSV_Handler
 .text.SysTick_Handler
                0x0000000008000964        0xc ./Core/Src/stm32f4xx_it.o
                0x0000000008000964                SysTick_Handler
 .text.USART2_IRQHandler
                0x0000000008000970       0x24 ./Core/Src/stm32f4xx_it.o
                0x0000000008000970                USART2_IRQHandler
 .text.TIM7_IRQHandler
                0x0000000008000994       0x14 ./Core/Src/stm32f4xx_it.o
                0x0000000008000994                TIM7_IRQHandler
 .text.SystemInit
                0x00000000080009a8       0x24 ./Core/Src/system_stm32f4xx.o
                0x00000000080009a8                SystemInit
 .text.MX_TIM7_Init
                0x00000000080009cc       0x70 ./Core/Src/tim.o
                0x00000000080009cc                MX_TIM7_Init
 .text.HAL_TIM_Base_MspInit
                0x0000000008000a3c       0x50 ./Core/Src/tim.o
                0x0000000008000a3c                HAL_TIM_Base_MspInit
 .text.MX_USART2_UART_Init
                0x0000000008000a8c       0x64 ./Core/Src/usart.o
                0x0000000008000a8c                MX_USART2_UART_Init
 .text.HAL_UART_MspInit
                0x0000000008000af0       0xa0 ./Core/Src/usart.o
                0x0000000008000af0                HAL_UART_MspInit
 .text.Reset_Handler
                0x0000000008000b90       0x50 ./Core/Startup/startup_stm32f407vgtx.o
                0x0000000008000b90                Reset_Handler
 .text.Default_Handler
                0x0000000008000be0        0x2 ./Core/Startup/startup_stm32f407vgtx.o
                0x0000000008000be0                RTC_Alarm_IRQHandler
                0x0000000008000be0                HASH_RNG_IRQHandler
                0x0000000008000be0                EXTI2_IRQHandler
                0x0000000008000be0                TIM8_CC_IRQHandler
                0x0000000008000be0                TIM1_CC_IRQHandler
                0x0000000008000be0                DMA2_Stream5_IRQHandler
                0x0000000008000be0                DMA1_Stream5_IRQHandler
                0x0000000008000be0                PVD_IRQHandler
                0x0000000008000be0                SDIO_IRQHandler
                0x0000000008000be0                TAMP_STAMP_IRQHandler
                0x0000000008000be0                CAN2_RX1_IRQHandler
                0x0000000008000be0                EXTI3_IRQHandler
                0x0000000008000be0                TIM8_TRG_COM_TIM14_IRQHandler
                0x0000000008000be0                TIM1_UP_TIM10_IRQHandler
                0x0000000008000be0                TIM8_UP_TIM13_IRQHandler
                0x0000000008000be0                I2C3_ER_IRQHandler
                0x0000000008000be0                EXTI0_IRQHandler
                0x0000000008000be0                I2C2_EV_IRQHandler
                0x0000000008000be0                DMA1_Stream2_IRQHandler
                0x0000000008000be0                CAN1_RX0_IRQHandler
                0x0000000008000be0                FPU_IRQHandler
                0x0000000008000be0                OTG_HS_WKUP_IRQHandler
                0x0000000008000be0                CAN2_SCE_IRQHandler
                0x0000000008000be0                DMA2_Stream2_IRQHandler
                0x0000000008000be0                SPI1_IRQHandler
                0x0000000008000be0                TIM6_DAC_IRQHandler
                0x0000000008000be0                TIM1_BRK_TIM9_IRQHandler
                0x0000000008000be0                DCMI_IRQHandler
                0x0000000008000be0                CAN2_RX0_IRQHandler
                0x0000000008000be0                DMA2_Stream3_IRQHandler
                0x0000000008000be0                USART6_IRQHandler
                0x0000000008000be0                USART3_IRQHandler
                0x0000000008000be0                CAN1_RX1_IRQHandler
                0x0000000008000be0                UART5_IRQHandler
                0x0000000008000be0                DMA2_Stream0_IRQHandler
                0x0000000008000be0                TIM4_IRQHandler
                0x0000000008000be0                I2C1_EV_IRQHandler
                0x0000000008000be0                DMA1_Stream6_IRQHandler
                0x0000000008000be0                DMA1_Stream1_IRQHandler
                0x0000000008000be0                UART4_IRQHandler
                0x0000000008000be0                TIM3_IRQHandler
                0x0000000008000be0                RCC_IRQHandler
                0x0000000008000be0                TIM8_BRK_TIM12_IRQHandler
                0x0000000008000be0                Default_Handler
                0x0000000008000be0                EXTI15_10_IRQHandler
                0x0000000008000be0                ADC_IRQHandler
                0x0000000008000be0                DMA1_Stream7_IRQHandler
                0x0000000008000be0                CAN2_TX_IRQHandler
                0x0000000008000be0                TIM5_IRQHandler
                0x0000000008000be0                DMA2_Stream7_IRQHandler
                0x0000000008000be0                I2C3_EV_IRQHandler
                0x0000000008000be0                EXTI9_5_IRQHandler
                0x0000000008000be0                RTC_WKUP_IRQHandler
                0x0000000008000be0                ETH_WKUP_IRQHandler
                0x0000000008000be0                SPI2_IRQHandler
                0x0000000008000be0                OTG_HS_EP1_IN_IRQHandler
                0x0000000008000be0                DMA1_Stream0_IRQHandler
                0x0000000008000be0                CAN1_TX_IRQHandler
                0x0000000008000be0                EXTI4_IRQHandler
                0x0000000008000be0                FSMC_IRQHandler
                0x0000000008000be0                ETH_IRQHandler
                0x0000000008000be0                OTG_HS_EP1_OUT_IRQHandler
                0x0000000008000be0                WWDG_IRQHandler
                0x0000000008000be0                TIM2_IRQHandler
                0x0000000008000be0                OTG_FS_WKUP_IRQHandler
                0x0000000008000be0                TIM1_TRG_COM_TIM11_IRQHandler
                0x0000000008000be0                OTG_HS_IRQHandler
                0x0000000008000be0                EXTI1_IRQHandler
                0x0000000008000be0                I2C2_ER_IRQHandler
                0x0000000008000be0                DMA2_Stream1_IRQHandler
                0x0000000008000be0                CAN1_SCE_IRQHandler
                0x0000000008000be0                FLASH_IRQHandler
                0x0000000008000be0                DMA2_Stream4_IRQHandler
                0x0000000008000be0                USART1_IRQHandler
                0x0000000008000be0                OTG_FS_IRQHandler
                0x0000000008000be0                SPI3_IRQHandler
                0x0000000008000be0                DMA1_Stream4_IRQHandler
                0x0000000008000be0                I2C1_ER_IRQHandler
                0x0000000008000be0                DMA2_Stream6_IRQHandler
                0x0000000008000be0                DMA1_Stream3_IRQHandler
 *fill*         0x0000000008000be2        0x2 
 .text.HAL_Init
                0x0000000008000be4       0x44 ./Drivers/STM32F4xx_HAL_Driver/Src/stm32f4xx_hal.o
                0x0000000008000be4                HAL_Init
 .text.HAL_InitTick
                0x0000000008000c28       0x60 ./Drivers/STM32F4xx_HAL_Driver/Src/stm32f4xx_hal.o
                0x0000000008000c28                HAL_InitTick
 .text.HAL_IncTick
                0x0000000008000c88       0x28 ./Drivers/STM32F4xx_HAL_Driver/Src/stm32f4xx_hal.o
                0x0000000008000c88                HAL_IncTick
 .text.HAL_GetTick
                0x0000000008000cb0       0x18 ./Drivers/STM32F4xx_HAL_Driver/Src/stm32f4xx_hal.o
                0x0000000008000cb0                HAL_GetTick
 .text.__NVIC_SetPriorityGrouping
                0x0000000008000cc8       0x48 ./Drivers/STM32F4xx_HAL_Driver/Src/stm32f4xx_hal_cortex.o
 .text.__NVIC_GetPriorityGrouping
                0x0000000008000d10       0x1c ./Drivers/STM32F4xx_HAL_Driver/Src/stm32f4xx_hal_cortex.o
 .text.__NVIC_EnableIRQ
                0x0000000008000d2c       0x3c ./Drivers/STM32F4xx_HAL_Driver/Src/stm32f4xx_hal_cortex.o
 .text.__NVIC_SetPriority
                0x0000000008000d68       0x54 ./Drivers/STM32F4xx_HAL_Driver/Src/stm32f4xx_hal_cortex.o
 .text.NVIC_EncodePriority
                0x0000000008000dbc       0x66 ./Drivers/STM32F4xx_HAL_Driver/Src/stm32f4xx_hal_cortex.o
 *fill*         0x0000000008000e22        0x2 
 .text.SysTick_Config
                0x0000000008000e24       0x44 ./Drivers/STM32F4xx_HAL_Driver/Src/stm32f4xx_hal_cortex.o
 .text.HAL_NVIC_SetPriorityGrouping
                0x0000000008000e68       0x16 ./Drivers/STM32F4xx_HAL_Driver/Src/stm32f4xx_hal_cortex.o
                0x0000000008000e68                HAL_NVIC_SetPriorityGrouping
 .text.HAL_NVIC_SetPriority
                0x0000000008000e7e       0x38 ./Drivers/STM32F4xx_HAL_Driver/Src/stm32f4xx_hal_cortex.o
                0x0000000008000e7e                HAL_NVIC_SetPriority
 .text.HAL_NVIC_EnableIRQ
                0x0000000008000eb6       0x1c ./Drivers/STM32F4xx_HAL_Driver/Src/stm32f4xx_hal_cortex.o
                0x0000000008000eb6                HAL_NVIC_EnableIRQ
 .text.HAL_SYSTICK_Config
                0x0000000008000ed2       0x18 ./Drivers/STM32F4xx_HAL_Driver/Src/stm32f4xx_hal_cortex.o
                0x0000000008000ed2                HAL_SYSTICK_Config
 *fill*         0x0000000008000eea        0x2 
 .text.HAL_GPIO_Init
                0x0000000008000eec      0x338 ./Drivers/STM32F4xx_HAL_Driver/Src/stm32f4xx_hal_gpio.o
                0x0000000008000eec                HAL_GPIO_Init
 .text.HAL_GPIO_WritePin
                0x0000000008001224       0x32 ./Drivers/STM32F4xx_HAL_Driver/Src/stm32f4xx_hal_gpio.o
                0x0000000008001224                HAL_GPIO_WritePin
 *fill*         0x0000000008001256        0x2 
 .text.HAL_RCC_OscConfig
                0x0000000008001258      0x4f0 ./Drivers/STM32F4xx_HAL_Driver/Src/stm32f4xx_hal_rcc.o
                0x0000000008001258                HAL_RCC_OscConfig
 .text.HAL_RCC_ClockConfig
                0x0000000008001748      0x1cc ./Drivers/STM32F4xx_HAL_Driver/Src/stm32f4xx_hal_rcc.o
                0x0000000008001748                HAL_RCC_ClockConfig
 .text.HAL_RCC_GetSysClockFreq
                0x0000000008001914      0x208 ./Drivers/STM32F4xx_HAL_Driver/Src/stm32f4xx_hal_rcc.o
                0x0000000008001914                HAL_RCC_GetSysClockFreq
 .text.HAL_RCC_GetHCLKFreq
                0x0000000008001b1c       0x18 ./Drivers/STM32F4xx_HAL_Driver/Src/stm32f4xx_hal_rcc.o
                0x0000000008001b1c                HAL_RCC_GetHCLKFreq
 .text.HAL_RCC_GetPCLK1Freq
                0x0000000008001b34       0x28 ./Drivers/STM32F4xx_HAL_Driver/Src/stm32f4xx_hal_rcc.o
                0x0000000008001b34                HAL_RCC_GetPCLK1Freq
 .text.HAL_RCC_GetPCLK2Freq
                0x0000000008001b5c       0x28 ./Drivers/STM32F4xx_HAL_Driver/Src/stm32f4xx_hal_rcc.o
                0x0000000008001b5c                HAL_RCC_GetPCLK2Freq
 .text.HAL_TIM_Base_Init
                0x0000000008001b84       0x9e ./Drivers/STM32F4xx_HAL_Driver/Src/stm32f4xx_hal_tim.o
                0x0000000008001b84                HAL_TIM_Base_Init
 *fill*         0x0000000008001c22        0x2 
 .text.HAL_TIM_Base_Start_IT
                0x0000000008001c24       0xe0 ./Drivers/STM32F4xx_HAL_Driver/Src/stm32f4xx_hal_tim.o
                0x0000000008001c24                HAL_TIM_Base_Start_IT
 .text.HAL_TIM_IRQHandler
                0x0000000008001d04      0x210 ./Drivers/STM32F4xx_HAL_Driver/Src/stm32f4xx_hal_tim.o
                0x0000000008001d04                HAL_TIM_IRQHandler
 .text.HAL_TIM_OC_DelayElapsedCallback
                0x0000000008001f14       0x14 ./Drivers/STM32F4xx_HAL_Driver/Src/stm32f4xx_hal_tim.o
                0x0000000008001f14                HAL_TIM_OC_DelayElapsedCallback
 .text.HAL_TIM_IC_CaptureCallback
                0x0000000008001f28       0x14 ./Drivers/STM32F4xx_HAL_Driver/Src/stm32f4xx_hal_tim.o
                0x0000000008001f28                HAL_TIM_IC_CaptureCallback
 .text.HAL_TIM_PWM_PulseFinishedCallback
                0x0000000008001f3c       0x14 ./Drivers/STM32F4xx_HAL_Driver/Src/stm32f4xx_hal_tim.o
                0x0000000008001f3c                HAL_TIM_PWM_PulseFinishedCallback
 .text.HAL_TIM_TriggerCallback
                0x0000000008001f50       0x14 ./Drivers/STM32F4xx_HAL_Driver/Src/stm32f4xx_hal_tim.o
                0x0000000008001f50                HAL_TIM_TriggerCallback
 .text.TIM_Base_SetConfig
                0x0000000008001f64      0x140 ./Drivers/STM32F4xx_HAL_Driver/Src/stm32f4xx_hal_tim.o
                0x0000000008001f64                TIM_Base_SetConfig
 .text.HAL_TIMEx_MasterConfigSynchronization
                0x00000000080020a4       0xf8 ./Drivers/STM32F4xx_HAL_Driver/Src/stm32f4xx_hal_tim_ex.o
                0x00000000080020a4                HAL_TIMEx_MasterConfigSynchronization
 .text.HAL_TIMEx_CommutCallback
                0x000000000800219c       0x14 ./Drivers/STM32F4xx_HAL_Driver/Src/stm32f4xx_hal_tim_ex.o
                0x000000000800219c                HAL_TIMEx_CommutCallback
 .text.HAL_TIMEx_BreakCallback
                0x00000000080021b0       0x14 ./Drivers/STM32F4xx_HAL_Driver/Src/stm32f4xx_hal_tim_ex.o
                0x00000000080021b0                HAL_TIMEx_BreakCallback
 .text.HAL_UART_Init
                0x00000000080021c4       0x9a ./Drivers/STM32F4xx_HAL_Driver/Src/stm32f4xx_hal_uart.o
                0x00000000080021c4                HAL_UART_Init
 *fill*         0x000000000800225e        0x2 
 .text.UART_SetConfig
                0x0000000008002260      0x4e8 ./Drivers/STM32F4xx_HAL_Driver/Src/stm32f4xx_hal_uart.o
 .text.bootloader_main
                0x0000000008002748       0x24 ./bootloader/source/bootloader.o
                0x0000000008002748                bootloader_main
 .text.is_frame_ready
                0x000000000800276c       0x18 ./bootloader/source/bootloader.o
                0x000000000800276c                is_frame_ready
 .text.process_frame
                0x0000000008002784       0x30 ./bootloader/source/bootloader.o
                0x0000000008002784                process_frame
 .text.__libc_init_array
                0x00000000080027b4       0x48 /opt/st/stm32cubeide_1.11.2/plugins/com.st.stm32cube.ide.mcu.externaltools.gnu-tools-for-stm32.10.3-2021.10.linux64_1.0.100.202210260954/tools/bin/../lib/gcc/arm-none-eabi/10.3.1/../../../../arm-none-eabi/lib/thumb/v7e-m+fp/hard/libc_nano.a(lib_a-init.o)
                0x00000000080027b4                __libc_init_array
 .text.memset   0x00000000080027fc       0x10 /opt/st/stm32cubeide_1.11.2/plugins/com.st.stm32cube.ide.mcu.externaltools.gnu-tools-for-stm32.10.3-2021.10.linux64_1.0.100.202210260954/tools/bin/../lib/gcc/arm-none-eabi/10.3.1/../../../../arm-none-eabi/lib/thumb/v7e-m+fp/hard/libc_nano.a(lib_a-memset.o)
                0x00000000080027fc                memset
 *(.glue_7)
 .glue_7        0x000000000800280c        0x0 linker stubs
 *(.glue_7t)
 .glue_7t       0x000000000800280c        0x0 linker stubs
 *(.eh_frame)
 .eh_frame      0x000000000800280c        0x0 /opt/st/stm32cubeide_1.11.2/plugins/com.st.stm32cube.ide.mcu.externaltools.gnu-tools-for-stm32.10.3-2021.10.linux64_1.0.100.202210260954/tools/bin/../lib/gcc/arm-none-eabi/10.3.1/thumb/v7e-m+fp/hard/crtbegin.o
 *(.init)
 .init          0x000000000800280c        0x4 /opt/st/stm32cubeide_1.11.2/plugins/com.st.stm32cube.ide.mcu.externaltools.gnu-tools-for-stm32.10.3-2021.10.linux64_1.0.100.202210260954/tools/bin/../lib/gcc/arm-none-eabi/10.3.1/thumb/v7e-m+fp/hard/crti.o
                0x000000000800280c                _init
 .init          0x0000000008002810        0x8 /opt/st/stm32cubeide_1.11.2/plugins/com.st.stm32cube.ide.mcu.externaltools.gnu-tools-for-stm32.10.3-2021.10.linux64_1.0.100.202210260954/tools/bin/../lib/gcc/arm-none-eabi/10.3.1/thumb/v7e-m+fp/hard/crtn.o
 *(.fini)
 .fini          0x0000000008002818        0x4 /opt/st/stm32cubeide_1.11.2/plugins/com.st.stm32cube.ide.mcu.externaltools.gnu-tools-for-stm32.10.3-2021.10.linux64_1.0.100.202210260954/tools/bin/../lib/gcc/arm-none-eabi/10.3.1/thumb/v7e-m+fp/hard/crti.o
                0x0000000008002818                _fini
 .fini          0x000000000800281c        0x8 /opt/st/stm32cubeide_1.11.2/plugins/com.st.stm32cube.ide.mcu.externaltools.gnu-tools-for-stm32.10.3-2021.10.linux64_1.0.100.202210260954/tools/bin/../lib/gcc/arm-none-eabi/10.3.1/thumb/v7e-m+fp/hard/crtn.o
                0x0000000008002824                . = ALIGN (0x4)
                0x0000000008002824                _etext = .

.vfp11_veneer   0x0000000008002824        0x0
 .vfp11_veneer  0x0000000008002824        0x0 linker stubs

.v4_bx          0x0000000008002824        0x0
 .v4_bx         0x0000000008002824        0x0 linker stubs

.iplt           0x0000000008002824        0x0
 .iplt          0x0000000008002824        0x0 /opt/st/stm32cubeide_1.11.2/plugins/com.st.stm32cube.ide.mcu.externaltools.gnu-tools-for-stm32.10.3-2021.10.linux64_1.0.100.202210260954/tools/bin/../lib/gcc/arm-none-eabi/10.3.1/thumb/v7e-m+fp/hard/crtbegin.o

.rodata         0x0000000008002824       0x18
                0x0000000008002824                . = ALIGN (0x4)
 *(.rodata)
 *(.rodata*)
 .rodata.AHBPrescTable
                0x0000000008002824       0x10 ./Core/Src/system_stm32f4xx.o
                0x0000000008002824                AHBPrescTable
 .rodata.APBPrescTable
                0x0000000008002834        0x8 ./Core/Src/system_stm32f4xx.o
                0x0000000008002834                APBPrescTable
                0x000000000800283c                . = ALIGN (0x4)

.ARM.extab      0x000000000800283c        0x0
                0x000000000800283c                . = ALIGN (0x4)
 *(.ARM.extab* .gnu.linkonce.armextab.*)
                0x000000000800283c                . = ALIGN (0x4)

.ARM            0x000000000800283c        0x8
                0x000000000800283c                . = ALIGN (0x4)
                0x000000000800283c                __exidx_start = .
 *(.ARM.exidx*)
 .ARM.exidx     0x000000000800283c        0x8 /opt/st/stm32cubeide_1.11.2/plugins/com.st.stm32cube.ide.mcu.externaltools.gnu-tools-for-stm32.10.3-2021.10.linux64_1.0.100.202210260954/tools/bin/../lib/gcc/arm-none-eabi/10.3.1/thumb/v7e-m+fp/hard/libgcc.a(_udivmoddi4.o)
                0x0000000008002844                __exidx_end = .
                0x0000000008002844                . = ALIGN (0x4)

.rel.dyn        0x0000000008002844        0x0
 .rel.iplt      0x0000000008002844        0x0 /opt/st/stm32cubeide_1.11.2/plugins/com.st.stm32cube.ide.mcu.externaltools.gnu-tools-for-stm32.10.3-2021.10.linux64_1.0.100.202210260954/tools/bin/../lib/gcc/arm-none-eabi/10.3.1/thumb/v7e-m+fp/hard/crtbegin.o

.preinit_array  0x0000000008002844        0x0
                0x0000000008002844                . = ALIGN (0x4)
                0x0000000008002844                PROVIDE (__preinit_array_start = .)
 *(.preinit_array*)
                0x0000000008002844                PROVIDE (__preinit_array_end = .)
                0x0000000008002844                . = ALIGN (0x4)

.init_array     0x0000000008002844        0x4
                0x0000000008002844                . = ALIGN (0x4)
                0x0000000008002844                PROVIDE (__init_array_start = .)
 *(SORT_BY_NAME(.init_array.*))
 *(.init_array*)
 .init_array    0x0000000008002844        0x4 /opt/st/stm32cubeide_1.11.2/plugins/com.st.stm32cube.ide.mcu.externaltools.gnu-tools-for-stm32.10.3-2021.10.linux64_1.0.100.202210260954/tools/bin/../lib/gcc/arm-none-eabi/10.3.1/thumb/v7e-m+fp/hard/crtbegin.o
                0x0000000008002848                PROVIDE (__init_array_end = .)
                0x0000000008002848                . = ALIGN (0x4)

.fini_array     0x0000000008002848        0x4
                0x0000000008002848                . = ALIGN (0x4)
                [!provide]                        PROVIDE (__fini_array_start = .)
 *(SORT_BY_NAME(.fini_array.*))
 *(.fini_array*)
 .fini_array    0x0000000008002848        0x4 /opt/st/stm32cubeide_1.11.2/plugins/com.st.stm32cube.ide.mcu.externaltools.gnu-tools-for-stm32.10.3-2021.10.linux64_1.0.100.202210260954/tools/bin/../lib/gcc/arm-none-eabi/10.3.1/thumb/v7e-m+fp/hard/crtbegin.o
                [!provide]                        PROVIDE (__fini_array_end = .)
                0x000000000800284c                . = ALIGN (0x4)
                0x000000000800284c                _sidata = LOADADDR (.data)

.data           0x0000000020000000        0xc load address 0x000000000800284c
                0x0000000020000000                . = ALIGN (0x4)
                0x0000000020000000                _sdata = .
 *(.data)
 *(.data*)
 .data.SystemCoreClock
                0x0000000020000000        0x4 ./Core/Src/system_stm32f4xx.o
                0x0000000020000000                SystemCoreClock
 .data.uwTickPrio
                0x0000000020000004        0x4 ./Drivers/STM32F4xx_HAL_Driver/Src/stm32f4xx_hal.o
                0x0000000020000004                uwTickPrio
 .data.uwTickFreq
                0x0000000020000008        0x1 ./Drivers/STM32F4xx_HAL_Driver/Src/stm32f4xx_hal.o
                0x0000000020000008                uwTickFreq
 *(.RamFunc)
 *(.RamFunc*)
                0x000000002000000c                . = ALIGN (0x4)
 *fill*         0x0000000020000009        0x3 
                0x000000002000000c                _edata = .
                0x0000000008002858                _siccmram = LOADADDR (.ccmram)

.igot.plt       0x000000002000000c        0x0 load address 0x0000000008002858
 .igot.plt      0x000000002000000c        0x0 /opt/st/stm32cubeide_1.11.2/plugins/com.st.stm32cube.ide.mcu.externaltools.gnu-tools-for-stm32.10.3-2021.10.linux64_1.0.100.202210260954/tools/bin/../lib/gcc/arm-none-eabi/10.3.1/thumb/v7e-m+fp/hard/crtbegin.o

.ccmram         0x0000000010000000        0x0 load address 0x0000000008002858
                0x0000000010000000                . = ALIGN (0x4)
                0x0000000010000000                _sccmram = .
 *(.ccmram)
 *(.ccmram*)
                0x0000000010000000                . = ALIGN (0x4)
                0x0000000010000000                _eccmram = .
                0x0000000010000000                . = ALIGN (0x4)

.bss            0x000000002000000c       0xbc
                0x000000002000000c                _sbss = .
                0x000000002000000c                __bss_start__ = _sbss
 *(.bss)
 .bss           0x000000002000000c       0x1c /opt/st/stm32cubeide_1.11.2/plugins/com.st.stm32cube.ide.mcu.externaltools.gnu-tools-for-stm32.10.3-2021.10.linux64_1.0.100.202210260954/tools/bin/../lib/gcc/arm-none-eabi/10.3.1/thumb/v7e-m+fp/hard/crtbegin.o
 *(.bss*)
 .bss.u32TickCounter
                0x0000000020000028        0x4 ./Core/Src/main.o
                0x0000000020000028                u32TickCounter
 .bss.rcvd_byte
                0x000000002000002c        0x1 ./Core/Src/stm32f4xx_it.o
                0x000000002000002c                rcvd_byte
 *fill*         0x000000002000002d        0x3 
 .bss.htim7     0x0000000020000030       0x48 ./Core/Src/tim.o
                0x0000000020000030                htim7
 .bss.huart2    0x0000000020000078       0x44 ./Core/Src/usart.o
                0x0000000020000078                huart2
 .bss.uwTick    0x00000000200000bc        0x4 ./Drivers/STM32F4xx_HAL_Driver/Src/stm32f4xx_hal.o
                0x00000000200000bc                uwTick
 .bss.frame_received
                0x00000000200000c0        0x1 ./bootloader/source/bootloader.o
                0x00000000200000c0                frame_received
 *fill*         0x00000000200000c1        0x3 
 .bss.timer_main_start
                0x00000000200000c4        0x4 ./bootloader/source/bootloader.o
                0x00000000200000c4                timer_main_start
 *(COMMON)
                0x00000000200000c8                . = ALIGN (0x4)
                0x00000000200000c8                _ebss = .
                0x00000000200000c8                __bss_end__ = _ebss

._user_heap_stack
                0x00000000200000c8      0x600
                0x00000000200000c8                . = ALIGN (0x8)
                [!provide]                        PROVIDE (end = .)
                0x00000000200000c8                PROVIDE (_end = .)
                0x00000000200002c8                . = (. + _Min_Heap_Size)
 *fill*         0x00000000200000c8      0x200 
                0x00000000200006c8                . = (. + _Min_Stack_Size)
 *fill*         0x00000000200002c8      0x400 
                0x00000000200006c8                . = ALIGN (0x8)

/DISCARD/
 libc.a(*)
 libm.a(*)
 libgcc.a(*)

.ARM.attributes
                0x0000000000000000       0x30
 *(.ARM.attributes)
 .ARM.attributes
                0x0000000000000000       0x1e /opt/st/stm32cubeide_1.11.2/plugins/com.st.stm32cube.ide.mcu.externaltools.gnu-tools-for-stm32.10.3-2021.10.linux64_1.0.100.202210260954/tools/bin/../lib/gcc/arm-none-eabi/10.3.1/thumb/v7e-m+fp/hard/crti.o
 .ARM.attributes
                0x000000000000001e       0x34 /opt/st/stm32cubeide_1.11.2/plugins/com.st.stm32cube.ide.mcu.externaltools.gnu-tools-for-stm32.10.3-2021.10.linux64_1.0.100.202210260954/tools/bin/../lib/gcc/arm-none-eabi/10.3.1/thumb/v7e-m+fp/hard/crtbegin.o
 .ARM.attributes
                0x0000000000000052       0x34 ./Core/Src/gpio.o
 .ARM.attributes
                0x0000000000000086       0x34 ./Core/Src/main.o
 .ARM.attributes
                0x00000000000000ba       0x34 ./Core/Src/stm32f4xx_hal_msp.o
 .ARM.attributes
                0x00000000000000ee       0x34 ./Core/Src/stm32f4xx_it.o
 .ARM.attributes
                0x0000000000000122       0x34 ./Core/Src/system_stm32f4xx.o
 .ARM.attributes
                0x0000000000000156       0x34 ./Core/Src/tim.o
 .ARM.attributes
                0x000000000000018a       0x34 ./Core/Src/usart.o
 .ARM.attributes
                0x00000000000001be       0x21 ./Core/Startup/startup_stm32f407vgtx.o
 .ARM.attributes
                0x00000000000001df       0x34 ./Drivers/STM32F4xx_HAL_Driver/Src/stm32f4xx_hal.o
 .ARM.attributes
                0x0000000000000213       0x34 ./Drivers/STM32F4xx_HAL_Driver/Src/stm32f4xx_hal_cortex.o
 .ARM.attributes
                0x0000000000000247       0x34 ./Drivers/STM32F4xx_HAL_Driver/Src/stm32f4xx_hal_gpio.o
 .ARM.attributes
                0x000000000000027b       0x34 ./Drivers/STM32F4xx_HAL_Driver/Src/stm32f4xx_hal_rcc.o
 .ARM.attributes
                0x00000000000002af       0x34 ./Drivers/STM32F4xx_HAL_Driver/Src/stm32f4xx_hal_tim.o
 .ARM.attributes
                0x00000000000002e3       0x34 ./Drivers/STM32F4xx_HAL_Driver/Src/stm32f4xx_hal_tim_ex.o
 .ARM.attributes
                0x0000000000000317       0x34 ./Drivers/STM32F4xx_HAL_Driver/Src/stm32f4xx_hal_uart.o
 .ARM.attributes
                0x000000000000034b       0x34 ./bootloader/source/bootloader.o
 .ARM.attributes
                0x000000000000037f       0x34 /opt/st/stm32cubeide_1.11.2/plugins/com.st.stm32cube.ide.mcu.externaltools.gnu-tools-for-stm32.10.3-2021.10.linux64_1.0.100.202210260954/tools/bin/../lib/gcc/arm-none-eabi/10.3.1/../../../../arm-none-eabi/lib/thumb/v7e-m+fp/hard/libc_nano.a(lib_a-init.o)
 .ARM.attributes
                0x00000000000003b3       0x34 /opt/st/stm32cubeide_1.11.2/plugins/com.st.stm32cube.ide.mcu.externaltools.gnu-tools-for-stm32.10.3-2021.10.linux64_1.0.100.202210260954/tools/bin/../lib/gcc/arm-none-eabi/10.3.1/../../../../arm-none-eabi/lib/thumb/v7e-m+fp/hard/libc_nano.a(lib_a-memset.o)
 .ARM.attributes
                0x00000000000003e7       0x1e /opt/st/stm32cubeide_1.11.2/plugins/com.st.stm32cube.ide.mcu.externaltools.gnu-tools-for-stm32.10.3-2021.10.linux64_1.0.100.202210260954/tools/bin/../lib/gcc/arm-none-eabi/10.3.1/thumb/v7e-m+fp/hard/libgcc.a(_aeabi_uldivmod.o)
 .ARM.attributes
                0x0000000000000405       0x34 /opt/st/stm32cubeide_1.11.2/plugins/com.st.stm32cube.ide.mcu.externaltools.gnu-tools-for-stm32.10.3-2021.10.linux64_1.0.100.202210260954/tools/bin/../lib/gcc/arm-none-eabi/10.3.1/thumb/v7e-m+fp/hard/libgcc.a(_udivmoddi4.o)
 .ARM.attributes
                0x0000000000000439       0x1e /opt/st/stm32cubeide_1.11.2/plugins/com.st.stm32cube.ide.mcu.externaltools.gnu-tools-for-stm32.10.3-2021.10.linux64_1.0.100.202210260954/tools/bin/../lib/gcc/arm-none-eabi/10.3.1/thumb/v7e-m+fp/hard/libgcc.a(_dvmd_tls.o)
 .ARM.attributes
                0x0000000000000457       0x1e /opt/st/stm32cubeide_1.11.2/plugins/com.st.stm32cube.ide.mcu.externaltools.gnu-tools-for-stm32.10.3-2021.10.linux64_1.0.100.202210260954/tools/bin/../lib/gcc/arm-none-eabi/10.3.1/thumb/v7e-m+fp/hard/crtn.o
OUTPUT(STM32F4_Bootloader.elf elf32-littlearm)
LOAD linker stubs
LOAD /opt/st/stm32cubeide_1.11.2/plugins/com.st.stm32cube.ide.mcu.externaltools.gnu-tools-for-stm32.10.3-2021.10.linux64_1.0.100.202210260954/tools/bin/../lib/gcc/arm-none-eabi/10.3.1/../../../../arm-none-eabi/lib/thumb/v7e-m+fp/hard/libc.a
LOAD /opt/st/stm32cubeide_1.11.2/plugins/com.st.stm32cube.ide.mcu.externaltools.gnu-tools-for-stm32.10.3-2021.10.linux64_1.0.100.202210260954/tools/bin/../lib/gcc/arm-none-eabi/10.3.1/../../../../arm-none-eabi/lib/thumb/v7e-m+fp/hard/libm.a
LOAD /opt/st/stm32cubeide_1.11.2/plugins/com.st.stm32cube.ide.mcu.externaltools.gnu-tools-for-stm32.10.3-2021.10.linux64_1.0.100.202210260954/tools/bin/../lib/gcc/arm-none-eabi/10.3.1/thumb/v7e-m+fp/hard/libgcc.a

.debug_info     0x0000000000000000     0xd840
 .debug_info    0x0000000000000000      0x4c3 ./Core/Src/gpio.o
 .debug_info    0x00000000000004c3      0xb44 ./Core/Src/main.o
 .debug_info    0x0000000000001007      0x2bb ./Core/Src/stm32f4xx_hal_msp.o
 .debug_info    0x00000000000012c2      0x9e0 ./Core/Src/stm32f4xx_it.o
 .debug_info    0x0000000000001ca2      0x523 ./Core/Src/system_stm32f4xx.o
 .debug_info    0x00000000000021c5      0xbf6 ./Core/Src/tim.o
 .debug_info    0x0000000000002dbb      0xc14 ./Core/Src/usart.o
 .debug_info    0x00000000000039cf       0x22 ./Core/Startup/startup_stm32f407vgtx.o
 .debug_info    0x00000000000039f1      0x97c ./Drivers/STM32F4xx_HAL_Driver/Src/stm32f4xx_hal.o
 .debug_info    0x000000000000436d      0xe1b ./Drivers/STM32F4xx_HAL_Driver/Src/stm32f4xx_hal_cortex.o
 .debug_info    0x0000000000005188      0x76a ./Drivers/STM32F4xx_HAL_Driver/Src/stm32f4xx_hal_gpio.o
 .debug_info    0x00000000000058f2      0x966 ./Drivers/STM32F4xx_HAL_Driver/Src/stm32f4xx_hal_rcc.o
 .debug_info    0x0000000000006258     0x2bbe ./Drivers/STM32F4xx_HAL_Driver/Src/stm32f4xx_hal_tim.o
 .debug_info    0x0000000000008e16     0x15e0 ./Drivers/STM32F4xx_HAL_Driver/Src/stm32f4xx_hal_tim_ex.o
 .debug_info    0x000000000000a3f6     0x31bc ./Drivers/STM32F4xx_HAL_Driver/Src/stm32f4xx_hal_uart.o
 .debug_info    0x000000000000d5b2      0x28e ./bootloader/source/bootloader.o

.debug_abbrev   0x0000000000000000     0x1dc1
 .debug_abbrev  0x0000000000000000      0x146 ./Core/Src/gpio.o
 .debug_abbrev  0x0000000000000146      0x23e ./Core/Src/main.o
 .debug_abbrev  0x0000000000000384       0xf0 ./Core/Src/stm32f4xx_hal_msp.o
 .debug_abbrev  0x0000000000000474      0x19e ./Core/Src/stm32f4xx_it.o
 .debug_abbrev  0x0000000000000612      0x116 ./Core/Src/system_stm32f4xx.o
 .debug_abbrev  0x0000000000000728      0x1e0 ./Core/Src/tim.o
 .debug_abbrev  0x0000000000000908      0x205 ./Core/Src/usart.o
 .debug_abbrev  0x0000000000000b0d       0x12 ./Core/Startup/startup_stm32f407vgtx.o
 .debug_abbrev  0x0000000000000b1f      0x20d ./Drivers/STM32F4xx_HAL_Driver/Src/stm32f4xx_hal.o
 .debug_abbrev  0x0000000000000d2c      0x316 ./Drivers/STM32F4xx_HAL_Driver/Src/stm32f4xx_hal_cortex.o
 .debug_abbrev  0x0000000000001042      0x1c4 ./Drivers/STM32F4xx_HAL_Driver/Src/stm32f4xx_hal_gpio.o
 .debug_abbrev  0x0000000000001206      0x2aa ./Drivers/STM32F4xx_HAL_Driver/Src/stm32f4xx_hal_rcc.o
 .debug_abbrev  0x00000000000014b0      0x25d ./Drivers/STM32F4xx_HAL_Driver/Src/stm32f4xx_hal_tim.o
 .debug_abbrev  0x000000000000170d      0x265 ./Drivers/STM32F4xx_HAL_Driver/Src/stm32f4xx_hal_tim_ex.o
 .debug_abbrev  0x0000000000001972      0x2f4 ./Drivers/STM32F4xx_HAL_Driver/Src/stm32f4xx_hal_uart.o
 .debug_abbrev  0x0000000000001c66      0x15b ./bootloader/source/bootloader.o

.debug_aranges  0x0000000000000000      0xc00
 .debug_aranges
                0x0000000000000000       0x20 ./Core/Src/gpio.o
 .debug_aranges
                0x0000000000000020       0x40 ./Core/Src/main.o
 .debug_aranges
                0x0000000000000060       0x20 ./Core/Src/stm32f4xx_hal_msp.o
 .debug_aranges
                0x0000000000000080       0x70 ./Core/Src/stm32f4xx_it.o
 .debug_aranges
                0x00000000000000f0       0x28 ./Core/Src/system_stm32f4xx.o
 .debug_aranges
                0x0000000000000118       0x30 ./Core/Src/tim.o
 .debug_aranges
                0x0000000000000148       0x30 ./Core/Src/usart.o
 .debug_aranges
                0x0000000000000178       0x28 ./Core/Startup/startup_stm32f407vgtx.o
 .debug_aranges
                0x00000000000001a0       0xf0 ./Drivers/STM32F4xx_HAL_Driver/Src/stm32f4xx_hal.o
 .debug_aranges
                0x0000000000000290      0x118 ./Drivers/STM32F4xx_HAL_Driver/Src/stm32f4xx_hal_cortex.o
 .debug_aranges
                0x00000000000003a8       0x58 ./Drivers/STM32F4xx_HAL_Driver/Src/stm32f4xx_hal_gpio.o
 .debug_aranges
                0x0000000000000400       0x88 ./Drivers/STM32F4xx_HAL_Driver/Src/stm32f4xx_hal_rcc.o
 .debug_aranges
                0x0000000000000488      0x3d0 ./Drivers/STM32F4xx_HAL_Driver/Src/stm32f4xx_hal_tim.o
 .debug_aranges
                0x0000000000000858      0x168 ./Drivers/STM32F4xx_HAL_Driver/Src/stm32f4xx_hal_tim_ex.o
 .debug_aranges
                0x00000000000009c0      0x200 ./Drivers/STM32F4xx_HAL_Driver/Src/stm32f4xx_hal_uart.o
 .debug_aranges
                0x0000000000000bc0       0x40 ./bootloader/source/bootloader.o

.debug_ranges   0x0000000000000000      0xb38
 .debug_ranges  0x0000000000000000       0x10 ./Core/Src/gpio.o
 .debug_ranges  0x0000000000000010       0x30 ./Core/Src/main.o
 .debug_ranges  0x0000000000000040       0x10 ./Core/Src/stm32f4xx_hal_msp.o
 .debug_ranges  0x0000000000000050       0x60 ./Core/Src/stm32f4xx_it.o
 .debug_ranges  0x00000000000000b0       0x18 ./Core/Src/system_stm32f4xx.o
 .debug_ranges  0x00000000000000c8       0x20 ./Core/Src/tim.o
 .debug_ranges  0x00000000000000e8       0x20 ./Core/Src/usart.o
 .debug_ranges  0x0000000000000108       0x20 ./Core/Startup/startup_stm32f407vgtx.o
 .debug_ranges  0x0000000000000128       0xe0 ./Drivers/STM32F4xx_HAL_Driver/Src/stm32f4xx_hal.o
 .debug_ranges  0x0000000000000208      0x108 ./Drivers/STM32F4xx_HAL_Driver/Src/stm32f4xx_hal_cortex.o
 .debug_ranges  0x0000000000000310       0x48 ./Drivers/STM32F4xx_HAL_Driver/Src/stm32f4xx_hal_gpio.o
 .debug_ranges  0x0000000000000358       0x78 ./Drivers/STM32F4xx_HAL_Driver/Src/stm32f4xx_hal_rcc.o
 .debug_ranges  0x00000000000003d0      0x3c0 ./Drivers/STM32F4xx_HAL_Driver/Src/stm32f4xx_hal_tim.o
 .debug_ranges  0x0000000000000790      0x158 ./Drivers/STM32F4xx_HAL_Driver/Src/stm32f4xx_hal_tim_ex.o
 .debug_ranges  0x00000000000008e8      0x220 ./Drivers/STM32F4xx_HAL_Driver/Src/stm32f4xx_hal_uart.o
 .debug_ranges  0x0000000000000b08       0x30 ./bootloader/source/bootloader.o

.debug_macro    0x0000000000000000    0x21a9e
 .debug_macro   0x0000000000000000      0x1e7 ./Core/Src/gpio.o
 .debug_macro   0x00000000000001e7      0xa78 ./Core/Src/gpio.o
 .debug_macro   0x0000000000000c5f      0x29b ./Core/Src/gpio.o
 .debug_macro   0x0000000000000efa       0x2e ./Core/Src/gpio.o
 .debug_macro   0x0000000000000f28       0x2f ./Core/Src/gpio.o
 .debug_macro   0x0000000000000f57       0x22 ./Core/Src/gpio.o
 .debug_macro   0x0000000000000f79       0x8e ./Core/Src/gpio.o
 .debug_macro   0x0000000000001007       0x51 ./Core/Src/gpio.o
 .debug_macro   0x0000000000001058      0x103 ./Core/Src/gpio.o
 .debug_macro   0x000000000000115b       0x6a ./Core/Src/gpio.o
 .debug_macro   0x00000000000011c5      0x1df ./Core/Src/gpio.o
 .debug_macro   0x00000000000013a4       0x1c ./Core/Src/gpio.o
 .debug_macro   0x00000000000013c0       0x22 ./Core/Src/gpio.o
 .debug_macro   0x00000000000013e2       0xd9 ./Core/Src/gpio.o
 .debug_macro   0x00000000000014bb     0x102d ./Core/Src/gpio.o
 .debug_macro   0x00000000000024e8      0x11f ./Core/Src/gpio.o
 .debug_macro   0x0000000000002607    0x15e82 ./Core/Src/gpio.o
 .debug_macro   0x0000000000018489       0x6d ./Core/Src/gpio.o
 .debug_macro   0x00000000000184f6     0x367e ./Core/Src/gpio.o
 .debug_macro   0x000000000001bb74      0x174 ./Core/Src/gpio.o
 .debug_macro   0x000000000001bce8       0x5c ./Core/Src/gpio.o
 .debug_macro   0x000000000001bd44      0x96b ./Core/Src/gpio.o
 .debug_macro   0x000000000001c6af      0x9fe ./Core/Src/gpio.o
 .debug_macro   0x000000000001d0ad      0x115 ./Core/Src/gpio.o
 .debug_macro   0x000000000001d1c2      0x13e ./Core/Src/gpio.o
 .debug_macro   0x000000000001d300       0xa5 ./Core/Src/gpio.o
 .debug_macro   0x000000000001d3a5      0x174 ./Core/Src/gpio.o
 .debug_macro   0x000000000001d519      0x287 ./Core/Src/gpio.o
 .debug_macro   0x000000000001d7a0       0x5f ./Core/Src/gpio.o
 .debug_macro   0x000000000001d7ff      0x236 ./Core/Src/gpio.o
 .debug_macro   0x000000000001da35      0x12c ./Core/Src/gpio.o
 .debug_macro   0x000000000001db61      0x21e ./Core/Src/gpio.o
 .debug_macro   0x000000000001dd7f       0x2e ./Core/Src/gpio.o
 .debug_macro   0x000000000001ddad      0x11a ./Core/Src/gpio.o
 .debug_macro   0x000000000001dec7       0x7e ./Core/Src/gpio.o
 .debug_macro   0x000000000001df45       0x89 ./Core/Src/gpio.o
 .debug_macro   0x000000000001dfce      0x8e6 ./Core/Src/gpio.o
 .debug_macro   0x000000000001e8b4       0x47 ./Core/Src/gpio.o
 .debug_macro   0x000000000001e8fb      0x295 ./Core/Src/gpio.o
 .debug_macro   0x000000000001eb90      0x12d ./Core/Src/gpio.o
 .debug_macro   0x000000000001ecbd      0x190 ./Core/Src/gpio.o
 .debug_macro   0x000000000001ee4d      0x3a1 ./Core/Src/main.o
 .debug_macro   0x000000000001f1ee       0x52 ./Core/Src/main.o
 .debug_macro   0x000000000001f240       0x1e ./Core/Src/main.o
 .debug_macro   0x000000000001f25e       0x3c ./Core/Src/main.o
 .debug_macro   0x000000000001f29a       0x34 ./Core/Src/main.o
 .debug_macro   0x000000000001f2ce       0x16 ./Core/Src/main.o
 .debug_macro   0x000000000001f2e4       0x35 ./Core/Src/main.o
 .debug_macro   0x000000000001f319      0x341 ./Core/Src/main.o
 .debug_macro   0x000000000001f65a       0x10 ./Core/Src/main.o
 .debug_macro   0x000000000001f66a       0x16 ./Core/Src/main.o
 .debug_macro   0x000000000001f680       0x43 ./Core/Src/main.o
 .debug_macro   0x000000000001f6c3       0x34 ./Core/Src/main.o
 .debug_macro   0x000000000001f6f7       0x10 ./Core/Src/main.o
 .debug_macro   0x000000000001f707       0x58 ./Core/Src/main.o
 .debug_macro   0x000000000001f75f       0x71 ./Core/Src/main.o
 .debug_macro   0x000000000001f7d0       0x1c ./Core/Src/main.o
 .debug_macro   0x000000000001f7ec      0x12a ./Core/Src/main.o
 .debug_macro   0x000000000001f916       0x10 ./Core/Src/main.o
 .debug_macro   0x000000000001f926       0x1c ./Core/Src/main.o
 .debug_macro   0x000000000001f942       0x52 ./Core/Src/main.o
 .debug_macro   0x000000000001f994       0x22 ./Core/Src/main.o
 .debug_macro   0x000000000001f9b6       0x10 ./Core/Src/main.o
 .debug_macro   0x000000000001f9c6       0x52 ./Core/Src/main.o
 .debug_macro   0x000000000001fa18       0xd5 ./Core/Src/main.o
 .debug_macro   0x000000000001faed       0x1c ./Core/Src/main.o
 .debug_macro   0x000000000001fb09       0x3d ./Core/Src/main.o
 .debug_macro   0x000000000001fb46       0x16 ./Core/Src/main.o
 .debug_macro   0x000000000001fb5c      0x145 ./Core/Src/main.o
 .debug_macro   0x000000000001fca1       0x16 ./Core/Src/main.o
 .debug_macro   0x000000000001fcb7       0x20 ./Core/Src/main.o
 .debug_macro   0x000000000001fcd7       0x22 ./Core/Src/main.o
 .debug_macro   0x000000000001fcf9      0x1dd ./Core/Src/stm32f4xx_hal_msp.o
 .debug_macro   0x000000000001fed6      0x389 ./Core/Src/stm32f4xx_it.o
 .debug_macro   0x000000000002025f      0x1ce ./Core/Src/system_stm32f4xx.o
 .debug_macro   0x000000000002042d      0x1e7 ./Core/Src/tim.o
 .debug_macro   0x0000000000020614      0x1e7 ./Core/Src/usart.o
 .debug_macro   0x00000000000207fb      0x22e ./Drivers/STM32F4xx_HAL_Driver/Src/stm32f4xx_hal.o
 .debug_macro   0x0000000000020a29      0x1ce ./Drivers/STM32F4xx_HAL_Driver/Src/stm32f4xx_hal_cortex.o
 .debug_macro   0x0000000000020bf7      0x1d4 ./Drivers/STM32F4xx_HAL_Driver/Src/stm32f4xx_hal_gpio.o
 .debug_macro   0x0000000000020dcb      0x1f2 ./Drivers/STM32F4xx_HAL_Driver/Src/stm32f4xx_hal_rcc.o
 .debug_macro   0x0000000000020fbd      0x1cf ./Drivers/STM32F4xx_HAL_Driver/Src/stm32f4xx_hal_tim.o
 .debug_macro   0x000000000002118c      0x1ce ./Drivers/STM32F4xx_HAL_Driver/Src/stm32f4xx_hal_tim_ex.o
 .debug_macro   0x000000000002135a      0x1cf ./Drivers/STM32F4xx_HAL_Driver/Src/stm32f4xx_hal_uart.o
 .debug_macro   0x0000000000021529      0x38b ./bootloader/source/bootloader.o
 .debug_macro   0x00000000000218b4       0x97 ./bootloader/source/bootloader.o
 .debug_macro   0x000000000002194b       0xfd ./bootloader/source/bootloader.o
 .debug_macro   0x0000000000021a48       0x56 ./bootloader/source/bootloader.o

.debug_line     0x0000000000000000     0xe9a7
 .debug_line    0x0000000000000000      0x76e ./Core/Src/gpio.o
 .debug_line    0x000000000000076e      0x9e3 ./Core/Src/main.o
 .debug_line    0x0000000000001151      0x6a0 ./Core/Src/stm32f4xx_hal_msp.o
 .debug_line    0x00000000000017f1      0xa18 ./Core/Src/stm32f4xx_it.o
 .debug_line    0x0000000000002209      0x721 ./Core/Src/system_stm32f4xx.o
 .debug_line    0x000000000000292a      0x6fe ./Core/Src/tim.o
 .debug_line    0x0000000000003028      0x718 ./Core/Src/usart.o
 .debug_line    0x0000000000003740       0x88 ./Core/Startup/startup_stm32f407vgtx.o
 .debug_line    0x00000000000037c8      0x987 ./Drivers/STM32F4xx_HAL_Driver/Src/stm32f4xx_hal.o
 .debug_line    0x000000000000414f      0xc36 ./Drivers/STM32F4xx_HAL_Driver/Src/stm32f4xx_hal_cortex.o
 .debug_line    0x0000000000004d85      0xafb ./Drivers/STM32F4xx_HAL_Driver/Src/stm32f4xx_hal_gpio.o
 .debug_line    0x0000000000005880      0xd03 ./Drivers/STM32F4xx_HAL_Driver/Src/stm32f4xx_hal_rcc.o
 .debug_line    0x0000000000006583     0x367b ./Drivers/STM32F4xx_HAL_Driver/Src/stm32f4xx_hal_tim.o
 .debug_line    0x0000000000009bfe     0x1984 ./Drivers/STM32F4xx_HAL_Driver/Src/stm32f4xx_hal_tim_ex.o
 .debug_line    0x000000000000b582     0x2a2c ./Drivers/STM32F4xx_HAL_Driver/Src/stm32f4xx_hal_uart.o
 .debug_line    0x000000000000dfae      0x9f9 ./bootloader/source/bootloader.o

.debug_str      0x0000000000000000    0xcb29e
 .debug_str     0x0000000000000000    0xc3c37 ./Core/Src/gpio.o
                                      0xc3ec3 (size before relaxing)
 .debug_str     0x00000000000c3c37     0x44f1 ./Core/Src/main.o
                                      0xc838b (size before relaxing)
 .debug_str     0x00000000000c8128       0x49 ./Core/Src/stm32f4xx_hal_msp.o
                                      0xc3e03 (size before relaxing)
 .debug_str     0x00000000000c8171      0x2d7 ./Core/Src/stm32f4xx_it.o
                                      0xc831b (size before relaxing)
 .debug_str     0x00000000000c8448       0xdb ./Core/Src/system_stm32f4xx.o
                                      0xc3831 (size before relaxing)
 .debug_str     0x00000000000c8523      0x5fc ./Core/Src/tim.o
                                      0xc4958 (size before relaxing)
 .debug_str     0x00000000000c8b1f       0x61 ./Core/Src/usart.o
                                      0xc487a (size before relaxing)
 .debug_str     0x00000000000c8b80       0x36 ./Core/Startup/startup_stm32f407vgtx.o
                                         0x83 (size before relaxing)
 .debug_str     0x00000000000c8bb6      0x5fa ./Drivers/STM32F4xx_HAL_Driver/Src/stm32f4xx_hal.o
                                      0xc43b5 (size before relaxing)
 .debug_str     0x00000000000c91b0      0x32d ./Drivers/STM32F4xx_HAL_Driver/Src/stm32f4xx_hal_cortex.o
                                      0xc40e8 (size before relaxing)
 .debug_str     0x00000000000c94dd      0x121 ./Drivers/STM32F4xx_HAL_Driver/Src/stm32f4xx_hal_gpio.o
                                      0xc39ac (size before relaxing)
 .debug_str     0x00000000000c95fe      0x233 ./Drivers/STM32F4xx_HAL_Driver/Src/stm32f4xx_hal_rcc.o
                                      0xc3c65 (size before relaxing)
 .debug_str     0x00000000000c9831      0xe3d ./Drivers/STM32F4xx_HAL_Driver/Src/stm32f4xx_hal_tim.o
                                      0xc4bab (size before relaxing)
 .debug_str     0x00000000000ca66e      0x493 ./Drivers/STM32F4xx_HAL_Driver/Src/stm32f4xx_hal_tim_ex.o
                                      0xc43c7 (size before relaxing)
 .debug_str     0x00000000000cab01      0x622 ./Drivers/STM32F4xx_HAL_Driver/Src/stm32f4xx_hal_uart.o
                                      0xc4204 (size before relaxing)
 .debug_str     0x00000000000cb123      0x17b ./bootloader/source/bootloader.o
                                      0xc7ca3 (size before relaxing)

.comment        0x0000000000000000       0x50
 .comment       0x0000000000000000       0x50 ./Core/Src/gpio.o
                                         0x51 (size before relaxing)
 .comment       0x0000000000000050       0x51 ./Core/Src/main.o
 .comment       0x0000000000000050       0x51 ./Core/Src/stm32f4xx_hal_msp.o
 .comment       0x0000000000000050       0x51 ./Core/Src/stm32f4xx_it.o
 .comment       0x0000000000000050       0x51 ./Core/Src/system_stm32f4xx.o
 .comment       0x0000000000000050       0x51 ./Core/Src/tim.o
 .comment       0x0000000000000050       0x51 ./Core/Src/usart.o
 .comment       0x0000000000000050       0x51 ./Drivers/STM32F4xx_HAL_Driver/Src/stm32f4xx_hal.o
 .comment       0x0000000000000050       0x51 ./Drivers/STM32F4xx_HAL_Driver/Src/stm32f4xx_hal_cortex.o
 .comment       0x0000000000000050       0x51 ./Drivers/STM32F4xx_HAL_Driver/Src/stm32f4xx_hal_gpio.o
 .comment       0x0000000000000050       0x51 ./Drivers/STM32F4xx_HAL_Driver/Src/stm32f4xx_hal_rcc.o
 .comment       0x0000000000000050       0x51 ./Drivers/STM32F4xx_HAL_Driver/Src/stm32f4xx_hal_tim.o
 .comment       0x0000000000000050       0x51 ./Drivers/STM32F4xx_HAL_Driver/Src/stm32f4xx_hal_tim_ex.o
 .comment       0x0000000000000050       0x51 ./Drivers/STM32F4xx_HAL_Driver/Src/stm32f4xx_hal_uart.o
 .comment       0x0000000000000050       0x51 ./bootloader/source/bootloader.o

.debug_frame    0x0000000000000000     0x3180
 .debug_frame   0x0000000000000000       0x38 ./Core/Src/gpio.o
 .debug_frame   0x0000000000000038       0xb0 ./Core/Src/main.o
 .debug_frame   0x00000000000000e8       0x34 ./Core/Src/stm32f4xx_hal_msp.o
 .debug_frame   0x000000000000011c      0x140 ./Core/Src/stm32f4xx_it.o
 .debug_frame   0x000000000000025c       0x58 ./Core/Src/system_stm32f4xx.o
 .debug_frame   0x00000000000002b4       0x7c ./Core/Src/tim.o
 .debug_frame   0x0000000000000330       0x74 ./Core/Src/usart.o
 .debug_frame   0x00000000000003a4      0x374 ./Drivers/STM32F4xx_HAL_Driver/Src/stm32f4xx_hal.o
 .debug_frame   0x0000000000000718      0x498 ./Drivers/STM32F4xx_HAL_Driver/Src/stm32f4xx_hal_cortex.o
 .debug_frame   0x0000000000000bb0      0x14c ./Drivers/STM32F4xx_HAL_Driver/Src/stm32f4xx_hal_gpio.o
 .debug_frame   0x0000000000000cfc      0x1f4 ./Drivers/STM32F4xx_HAL_Driver/Src/stm32f4xx_hal_rcc.o
 .debug_frame   0x0000000000000ef0     0x11c4 ./Drivers/STM32F4xx_HAL_Driver/Src/stm32f4xx_hal_tim.o
 .debug_frame   0x00000000000020b4      0x638 ./Drivers/STM32F4xx_HAL_Driver/Src/stm32f4xx_hal_tim_ex.o
 .debug_frame   0x00000000000026ec      0x92c ./Drivers/STM32F4xx_HAL_Driver/Src/stm32f4xx_hal_uart.o
 .debug_frame   0x0000000000003018       0xbc ./bootloader/source/bootloader.o
 .debug_frame   0x00000000000030d4       0x2c /opt/st/stm32cubeide_1.11.2/plugins/com.st.stm32cube.ide.mcu.externaltools.gnu-tools-for-stm32.10.3-2021.10.linux64_1.0.100.202210260954/tools/bin/../lib/gcc/arm-none-eabi/10.3.1/../../../../arm-none-eabi/lib/thumb/v7e-m+fp/hard/libc_nano.a(lib_a-init.o)
 .debug_frame   0x0000000000003100       0x20 /opt/st/stm32cubeide_1.11.2/plugins/com.st.stm32cube.ide.mcu.externaltools.gnu-tools-for-stm32.10.3-2021.10.linux64_1.0.100.202210260954/tools/bin/../lib/gcc/arm-none-eabi/10.3.1/../../../../arm-none-eabi/lib/thumb/v7e-m+fp/hard/libc_nano.a(lib_a-memset.o)
 .debug_frame   0x0000000000003120       0x2c /opt/st/stm32cubeide_1.11.2/plugins/com.st.stm32cube.ide.mcu.externaltools.gnu-tools-for-stm32.10.3-2021.10.linux64_1.0.100.202210260954/tools/bin/../lib/gcc/arm-none-eabi/10.3.1/thumb/v7e-m+fp/hard/libgcc.a(_aeabi_uldivmod.o)
 .debug_frame   0x000000000000314c       0x34 /opt/st/stm32cubeide_1.11.2/plugins/com.st.stm32cube.ide.mcu.externaltools.gnu-tools-for-stm32.10.3-2021.10.linux64_1.0.100.202210260954/tools/bin/../lib/gcc/arm-none-eabi/10.3.1/thumb/v7e-m+fp/hard/libgcc.a(_udivmoddi4.o)
